Archive member included to satisfy reference by file (symbol)

c:/program files (x86)/stm32cubeide_1.5.1/stm32cubeide/plugins/com.st.stm32cube.ide.mcu.externaltools.gnu-tools-for-stm32.10.3-2021.10.win32_1.0.0.202111181127/tools/bin/../lib/gcc/arm-none-eabi/10.3.1/../../../../arm-none-eabi/lib/thumb/v7-m/nofp\libstdc++_nano.a(del_ops.o)
                              ./Src/main.o (operator delete(void*, unsigned int))
c:/program files (x86)/stm32cubeide_1.5.1/stm32cubeide/plugins/com.st.stm32cube.ide.mcu.externaltools.gnu-tools-for-stm32.10.3-2021.10.win32_1.0.0.202111181127/tools/bin/../lib/gcc/arm-none-eabi/10.3.1/../../../../arm-none-eabi/lib/thumb/v7-m/nofp\libstdc++_nano.a(del_op.o)
                              c:/program files (x86)/stm32cubeide_1.5.1/stm32cubeide/plugins/com.st.stm32cube.ide.mcu.externaltools.gnu-tools-for-stm32.10.3-2021.10.win32_1.0.0.202111181127/tools/bin/../lib/gcc/arm-none-eabi/10.3.1/../../../../arm-none-eabi/lib/thumb/v7-m/nofp\libstdc++_nano.a(del_ops.o) (operator delete(void*))
c:/program files (x86)/stm32cubeide_1.5.1/stm32cubeide/plugins/com.st.stm32cube.ide.mcu.externaltools.gnu-tools-for-stm32.10.3-2021.10.win32_1.0.0.202111181127/tools/bin/../lib/gcc/arm-none-eabi/10.3.1/../../../../arm-none-eabi/lib/thumb/v7-m/nofp\libm.a(lib_a-s_ceil.o)
                              ./Src/hourglass.o (ceil)
c:/program files (x86)/stm32cubeide_1.5.1/stm32cubeide/plugins/com.st.stm32cube.ide.mcu.externaltools.gnu-tools-for-stm32.10.3-2021.10.win32_1.0.0.202111181127/tools/bin/../lib/gcc/arm-none-eabi/10.3.1/../../../../arm-none-eabi/lib/thumb/v7-m/nofp\libm.a(lib_a-s_cos.o)
                              ./Src/hourglass.o (cos)
c:/program files (x86)/stm32cubeide_1.5.1/stm32cubeide/plugins/com.st.stm32cube.ide.mcu.externaltools.gnu-tools-for-stm32.10.3-2021.10.win32_1.0.0.202111181127/tools/bin/../lib/gcc/arm-none-eabi/10.3.1/../../../../arm-none-eabi/lib/thumb/v7-m/nofp\libm.a(lib_a-s_floor.o)
                              ./Src/hourglass.o (floor)
c:/program files (x86)/stm32cubeide_1.5.1/stm32cubeide/plugins/com.st.stm32cube.ide.mcu.externaltools.gnu-tools-for-stm32.10.3-2021.10.win32_1.0.0.202111181127/tools/bin/../lib/gcc/arm-none-eabi/10.3.1/../../../../arm-none-eabi/lib/thumb/v7-m/nofp\libm.a(lib_a-s_fmax.o)
                              ./Src/grain.o (fmax)
c:/program files (x86)/stm32cubeide_1.5.1/stm32cubeide/plugins/com.st.stm32cube.ide.mcu.externaltools.gnu-tools-for-stm32.10.3-2021.10.win32_1.0.0.202111181127/tools/bin/../lib/gcc/arm-none-eabi/10.3.1/../../../../arm-none-eabi/lib/thumb/v7-m/nofp\libm.a(lib_a-s_fmin.o)
                              ./Src/grain.o (fmin)
c:/program files (x86)/stm32cubeide_1.5.1/stm32cubeide/plugins/com.st.stm32cube.ide.mcu.externaltools.gnu-tools-for-stm32.10.3-2021.10.win32_1.0.0.202111181127/tools/bin/../lib/gcc/arm-none-eabi/10.3.1/../../../../arm-none-eabi/lib/thumb/v7-m/nofp\libm.a(lib_a-s_fpclassify.o)
                              c:/program files (x86)/stm32cubeide_1.5.1/stm32cubeide/plugins/com.st.stm32cube.ide.mcu.externaltools.gnu-tools-for-stm32.10.3-2021.10.win32_1.0.0.202111181127/tools/bin/../lib/gcc/arm-none-eabi/10.3.1/../../../../arm-none-eabi/lib/thumb/v7-m/nofp\libm.a(lib_a-s_fmax.o) (__fpclassifyd)
c:/program files (x86)/stm32cubeide_1.5.1/stm32cubeide/plugins/com.st.stm32cube.ide.mcu.externaltools.gnu-tools-for-stm32.10.3-2021.10.win32_1.0.0.202111181127/tools/bin/../lib/gcc/arm-none-eabi/10.3.1/../../../../arm-none-eabi/lib/thumb/v7-m/nofp\libm.a(lib_a-s_sin.o)
                              ./Src/hourglass.o (sin)
c:/program files (x86)/stm32cubeide_1.5.1/stm32cubeide/plugins/com.st.stm32cube.ide.mcu.externaltools.gnu-tools-for-stm32.10.3-2021.10.win32_1.0.0.202111181127/tools/bin/../lib/gcc/arm-none-eabi/10.3.1/../../../../arm-none-eabi/lib/thumb/v7-m/nofp\libm.a(lib_a-sf_ceil.o)
                              ./Src/loadingAnimation.o (ceilf)
c:/program files (x86)/stm32cubeide_1.5.1/stm32cubeide/plugins/com.st.stm32cube.ide.mcu.externaltools.gnu-tools-for-stm32.10.3-2021.10.win32_1.0.0.202111181127/tools/bin/../lib/gcc/arm-none-eabi/10.3.1/../../../../arm-none-eabi/lib/thumb/v7-m/nofp\libm.a(lib_a-sf_round.o)
                              ./Src/loadingAnimation.o (roundf)
c:/program files (x86)/stm32cubeide_1.5.1/stm32cubeide/plugins/com.st.stm32cube.ide.mcu.externaltools.gnu-tools-for-stm32.10.3-2021.10.win32_1.0.0.202111181127/tools/bin/../lib/gcc/arm-none-eabi/10.3.1/../../../../arm-none-eabi/lib/thumb/v7-m/nofp\libm.a(lib_a-wf_sqrt.o)
                              ./Src/MadgwickAHRS.o (sqrtf)
c:/program files (x86)/stm32cubeide_1.5.1/stm32cubeide/plugins/com.st.stm32cube.ide.mcu.externaltools.gnu-tools-for-stm32.10.3-2021.10.win32_1.0.0.202111181127/tools/bin/../lib/gcc/arm-none-eabi/10.3.1/../../../../arm-none-eabi/lib/thumb/v7-m/nofp\libm.a(lib_a-e_rem_pio2.o)
[...]
Memory Configuration

Name             Origin             Length             Attributes
RAM              0x0000000020000000 0x0000000000005000 xrw
FLASH            0x0000000008000000 0x0000000000010000 xr
*default*        0x0000000000000000 0xffffffffffffffff

Linker script and memory map

LOAD c:/program files (x86)/stm32cubeide_1.5.1/stm32cubeide/plugins/com.st.stm32cube.ide.mcu.externaltools.gnu-tools-for-stm32.10.3-2021.10.win32_1.0.0.202111181127/tools/bin/../lib/gcc/arm-none-eabi/10.3.1/thumb/v7-m/nofp/crti.o
LOAD c:/program files (x86)/stm32cubeide_1.5.1/stm32cubeide/plugins/com.st.stm32cube.ide.mcu.externaltools.gnu-tools-for-stm32.10.3-2021.10.win32_1.0.0.202111181127/tools/bin/../lib/gcc/arm-none-eabi/10.3.1/thumb/v7-m/nofp/crtbegin.o
LOAD c:/program files (x86)/stm32cubeide_1.5.1/stm32cubeide/plugins/com.st.stm32cube.ide.mcu.externaltools.gnu-tools-for-stm32.10.3-2021.10.win32_1.0.0.202111181127/tools/bin/../lib/gcc/arm-none-eabi/10.3.1/../../../../arm-none-eabi/lib/thumb/v7-m/nofp/crt0.o
LOAD ./Drivers/STM32F1xx_HAL_Driver/Src/stm32f1xx_hal.o
LOAD ./Drivers/STM32F1xx_HAL_Driver/Src/stm32f1xx_hal_cortex.o
LOAD ./Drivers/STM32F1xx_HAL_Driver/Src/stm32f1xx_hal_dma.o
LOAD ./Drivers/STM32F1xx_HAL_Driver/Src/stm32f1xx_hal_exti.o
LOAD ./Drivers/STM32F1xx_HAL_Driver/Src/stm32f1xx_hal_flash.o
LOAD ./Drivers/STM32F1xx_HAL_Driver/Src/stm32f1xx_hal_flash_ex.o
LOAD ./Drivers/STM32F1xx_HAL_Driver/Src/stm32f1xx_hal_gpio.o
LOAD ./Drivers/STM32F1xx_HAL_Driver/Src/stm32f1xx_hal_gpio_ex.o
LOAD ./Drivers/STM32F1xx_HAL_Driver/Src/stm32f1xx_hal_i2c.o
LOAD ./Drivers/STM32F1xx_HAL_Driver/Src/stm32f1xx_hal_pwr.o
LOAD ./Drivers/STM32F1xx_HAL_Driver/Src/stm32f1xx_hal_rcc.o
LOAD ./Drivers/STM32F1xx_HAL_Driver/Src/stm32f1xx_hal_rcc_ex.o
LOAD ./Drivers/STM32F1xx_HAL_Driver/Src/stm32f1xx_hal_spi.o
LOAD ./Drivers/STM32F1xx_HAL_Driver/Src/stm32f1xx_hal_tim.o
LOAD ./Drivers/STM32F1xx_HAL_Driver/Src/stm32f1xx_hal_tim_ex.o
LOAD ./Src/HourglassColorSettings.o
LOAD ./Src/ILI9341.o
LOAD ./Src/MadgwickAHRS.o
LOAD ./Src/Menu.o
LOAD ./Src/fonts.o
LOAD ./Src/grain.o
LOAD ./Src/grains.o
LOAD ./Src/hourglass.o
LOAD ./Src/loadingAnimation.o
LOAD ./Src/main.o
LOAD ./Src/stm32f1xx_hal_msp.o
LOAD ./Src/stm32f1xx_it.o
LOAD ./Src/syscalls.o
LOAD ./Src/system_stm32f1xx.o
LOAD ./startup/startup_stm32f103xb.o
START GROUP
LOAD c:/program files (x86)/stm32cubeide_1.5.1/stm32cubeide/plugins/com.st.stm32cube.ide.mcu.externaltools.gnu-tools-for-stm32.10.3-2021.10.win32_1.0.0.202111181127/tools/bin/../lib/gcc/arm-none-eabi/10.3.1/../../../../arm-none-eabi/lib/thumb/v7-m/nofp\libstdc++_nano.a
LOAD c:/program files (x86)/stm32cubeide_1.5.1/stm32cubeide/plugins/com.st.stm32cube.ide.mcu.externaltools.gnu-tools-for-stm32.10.3-2021.10.win32_1.0.0.202111181127/tools/bin/../lib/gcc/arm-none-eabi/10.3.1/../../../../arm-none-eabi/lib/thumb/v7-m/nofp\libsupc++_nano.a
END GROUP
LOAD c:/program files (x86)/stm32cubeide_1.5.1/stm32cubeide/plugins/com.st.stm32cube.ide.mcu.externaltools.gnu-tools-for-stm32.10.3-2021.10.win32_1.0.0.202111181127/tools/bin/../lib/gcc/arm-none-eabi/10.3.1/../../../../arm-none-eabi/lib/thumb/v7-m/nofp\libstdc++_nano.a
LOAD c:/program files (x86)/stm32cubeide_1.5.1/stm32cubeide/plugins/com.st.stm32cube.ide.mcu.externaltools.gnu-tools-for-stm32.10.3-2021.10.win32_1.0.0.202111181127/tools/bin/../lib/gcc/arm-none-eabi/10.3.1/../../../../arm-none-eabi/lib/thumb/v7-m/nofp\libm.a
LOAD c:/program files (x86)/stm32cubeide_1.5.1/stm32cubeide/plugins/com.st.stm32cube.ide.mcu.externaltools.gnu-tools-for-stm32.10.3-2021.10.win32_1.0.0.202111181127/tools/bin/../lib/gcc/arm-none-eabi/10.3.1/../../../../arm-none-eabi/lib/thumb/v7-m/nofp\libc_nano.a
START GROUP
LOAD c:/program files (x86)/stm32cubeide_1.5.1/stm32cubeide/plugins/com.st.stm32cube.ide.mcu.externaltools.gnu-tools-for-stm32.10.3-2021.10.win32_1.0.0.202111181127/tools/bin/../lib/gcc/arm-none-eabi/10.3.1/thumb/v7-m/nofp\libgcc.a
LOAD c:/program files (x86)/stm32cubeide_1.5.1/stm32cubeide/plugins/com.st.stm32cube.ide.mcu.externaltools.gnu-tools-for-stm32.10.3-2021.10.win32_1.0.0.202111181127/tools/bin/../lib/gcc/arm-none-eabi/10.3.1/../../../../arm-none-eabi/lib/thumb/v7-m/nofp\libc_nano.a
END GROUP
START GROUP
LOAD c:/program files (x86)/stm32cubeide_1.5.1/stm32cubeide/plugins/com.st.stm32cube.ide.mcu.externaltools.gnu-tools-for-stm32.10.3-2021.10.win32_1.0.0.202111181127/tools/bin/../lib/gcc/arm-none-eabi/10.3.1/thumb/v7-m/nofp\libgcc.a
LOAD c:/program files (x86)/stm32cubeide_1.5.1/stm32cubeide/plugins/com.st.stm32cube.ide.mcu.externaltools.gnu-tools-for-stm32.10.3-2021.10.win32_1.0.0.202111181127/tools/bin/../lib/gcc/arm-none-eabi/10.3.1/../../../../arm-none-eabi/lib/thumb/v7-m/nofp\libc_nano.a
LOAD c:/program files (x86)/stm32cubeide_1.5.1/stm32cubeide/plugins/com.st.stm32cube.ide.mcu.externaltools.gnu-tools-for-stm32.10.3-2021.10.win32_1.0.0.202111181127/tools/bin/../lib/gcc/arm-none-eabi/10.3.1/../../../../arm-none-eabi/lib/thumb/v7-m/nofp\libnosys.a
END GROUP
START GROUP
LOAD c:/program files (x86)/stm32cubeide_1.5.1/stm32cubeide/plugins/com.st.stm32cube.ide.mcu.externaltools.gnu-tools-for-stm32.10.3-2021.10.win32_1.0.0.202111181127/tools/bin/../lib/gcc/arm-none-eabi/10.3.1/thumb/v7-m/nofp\libgcc.a
LOAD c:/program files (x86)/stm32cubeide_1.5.1/stm32cubeide/plugins/com.st.stm32cube.ide.mcu.externaltools.gnu-tools-for-stm32.10.3-2021.10.win32_1.0.0.202111181127/tools/bin/../lib/gcc/arm-none-eabi/10.3.1/../../../../arm-none-eabi/lib/thumb/v7-m/nofp\libc_nano.a
LOAD c:/program files (x86)/stm32cubeide_1.5.1/stm32cubeide/plugins/com.st.stm32cube.ide.mcu.externaltools.gnu-tools-for-stm32.10.3-2021.10.win32_1.0.0.202111181127/tools/bin/../lib/gcc/arm-none-eabi/10.3.1/../../../../arm-none-eabi/lib/thumb/v7-m/nofp\libnosys.a
END GROUP
LOAD c:/program files (x86)/stm32cubeide_1.5.1/stm32cubeide/plugins/com.st.stm32cube.ide.mcu.externaltools.gnu-tools-for-stm32.10.3-2021.10.win32_1.0.0.202111181127/tools/bin/../lib/gcc/arm-none-eabi/10.3.1/thumb/v7-m/nofp/crtend.o
LOAD c:/program files (x86)/stm32cubeide_1.5.1/stm32cubeide/plugins/com.st.stm32cube.ide.mcu.externaltools.gnu-tools-for-stm32.10.3-2021.10.win32_1.0.0.202111181127/tools/bin/../lib/gcc/arm-none-eabi/10.3.1/thumb/v7-m/nofp/crtn.o
                0x0000000020005000                _estack = 0x20005000
                0x0000000000000200                _Min_Heap_Size = 0x200
                0x0000000000000400                _Min_Stack_Size = 0x400

.isr_vector     0x0000000008000000      0x10c
                0x0000000008000000                . = ALIGN (0x4)
 *(.isr_vector)
 .isr_vector    0x0000000008000000      0x10c ./startup/startup_stm32f103xb.o
                0x0000000008000000                g_pfnVectors
                0x000000000800010c                . = ALIGN (0x4)

.text           0x0000000008000110     0xa488
                0x0000000008000110                . = ALIGN (0x4)
 *(.text)
 .text          0x0000000008000110       0x40 c:/program files (x86)/stm32cubeide_1.5.1/stm32cubeide/plugins/com.st.stm32cube.ide.mcu.externaltools.gnu-tools-for-stm32.10.3-2021.10.win32_1.0.0.202111181127/tools/bin/../lib/gcc/arm-none-eabi/10.3.1/thumb/v7-m/nofp/crtbegin.o
 .text          0x0000000008000150       0x10 c:/program files (x86)/stm32cubeide_1.5.1/stm32cubeide/plugins/com.st.stm32cube.ide.mcu.externaltools.gnu-tools-for-stm32.10.3-2021.10.win32_1.0.0.202111181127/tools/bin/../lib/gcc/arm-none-eabi/10.3.1/../../../../arm-none-eabi/lib/thumb/v7-m/nofp\libc_nano.a(lib_a-strlen.o)
                0x0000000008000150                strlen
 .text          0x0000000008000160      0x378 c:/program files (x86)/stm32cubeide_1.5.1/stm32cubeide/plugins/com.st.stm32cube.ide.mcu.externaltools.gnu-tools-for-stm32.10.3-2021.10.win32_1.0.0.202111181127/tools/bin/../lib/gcc/arm-none-eabi/10.3.1/thumb/v7-m/nofp\libgcc.a(_arm_addsubdf3.o)
                0x0000000008000160                __aeabi_drsub
                0x0000000008000168                __aeabi_dsub
                0x0000000008000168                __subdf3
                0x000000000800016c                __aeabi_dadd
                0x000000000800016c                __adddf3
                0x00000000080003e4                __floatunsidf
                0x00000000080003e4                __aeabi_ui2d
                0x0000000008000404                __floatsidf
                0x0000000008000404                __aeabi_i2d
                0x0000000008000428                __aeabi_f2d
                0x0000000008000428                __extendsfdf2
                0x000000000800046c                __floatundidf
                0x000000000800046c                __aeabi_ul2d
                0x000000000800047c                __floatdidf
                0x000000000800047c                __aeabi_l2d
 .text          0x00000000080004d8      0x424 c:/program files (x86)/stm32cubeide_1.5.1/stm32cubeide/plugins/com.st.stm32cube.ide.mcu.externaltools.gnu-tools-for-stm32.10.3-2021.10.win32_1.0.0.202111181127/tools/bin/../lib/gcc/arm-none-eabi/10.3.1/thumb/v7-m/nofp\libgcc.a(_arm_muldivdf3.o)
                0x00000000080004d8                __aeabi_dmul
                0x00000000080004d8                __muldf3
                0x000000000800072c                __divdf3
                0x000000000800072c                __aeabi_ddiv
 .text          0x00000000080008fc      0x110 c:/program files (x86)/stm32cubeide_1.5.1/stm32cubeide/plugins/com.st.stm32cube.ide.mcu.externaltools.gnu-tools-for-stm32.10.3-2021.10.win32_1.0.0.202111181127/tools/bin/../lib/gcc/arm-none-eabi/10.3.1/thumb/v7-m/nofp\libgcc.a(_arm_cmpdf2.o)
                0x00000000080008fc                __gtdf2
                0x00000000080008fc                __gedf2
                0x0000000008000904                __ltdf2
                0x0000000008000904                __ledf2
                0x000000000800090c                __nedf2
                0x000000000800090c                __eqdf2
                0x000000000800090c                __cmpdf2
                0x0000000008000988                __aeabi_cdrcmple
                0x0000000008000998                __aeabi_cdcmpeq
                0x0000000008000998                __aeabi_cdcmple
                0x00000000080009a8                __aeabi_dcmpeq
                0x00000000080009bc                __aeabi_dcmplt
                0x00000000080009d0                __aeabi_dcmple
                0x00000000080009e4                __aeabi_dcmpge
                0x00000000080009f8                __aeabi_dcmpgt
 .text          0x0000000008000a0c       0x2c c:/program files (x86)/stm32cubeide_1.5.1/stm32cubeide/plugins/com.st.stm32cube.ide.mcu.externaltools.gnu-tools-for-stm32.10.3-2021.10.win32_1.0.0.202111181127/tools/bin/../lib/gcc/arm-none-eabi/10.3.1/thumb/v7-m/nofp\libgcc.a(_arm_unorddf2.o)
                0x0000000008000a0c                __unorddf2
                0x0000000008000a0c                __aeabi_dcmpun
 .text          0x0000000008000a38       0x50 c:/program files (x86)/stm32cubeide_1.5.1/stm32cubeide/plugins/com.st.stm32cube.ide.mcu.externaltools.gnu-tools-for-stm32.10.3-2021.10.win32_1.0.0.202111181127/tools/bin/../lib/gcc/arm-none-eabi/10.3.1/thumb/v7-m/nofp\libgcc.a(_arm_fixdfsi.o)
                0x0000000008000a38                __aeabi_d2iz
                0x0000000008000a38                __fixdfsi
 .text          0x0000000008000a88       0xa0 c:/program files (x86)/stm32cubeide_1.5.1/stm32cubeide/plugins/com.st.stm32cube.ide.mcu.externaltools.gnu-tools-for-stm32.10.3-2021.10.win32_1.0.0.202111181127/tools/bin/../lib/gcc/arm-none-eabi/10.3.1/thumb/v7-m/nofp\libgcc.a(_arm_truncdfsf2.o)
                0x0000000008000a88                __truncdfsf2
                0x0000000008000a88                __aeabi_d2f
 .text          0x0000000008000b28      0x21c c:/program files (x86)/stm32cubeide_1.5.1/stm32cubeide/plugins/com.st.stm32cube.ide.mcu.externaltools.gnu-tools-for-stm32.10.3-2021.10.win32_1.0.0.202111181127/tools/bin/../lib/gcc/arm-none-eabi/10.3.1/thumb/v7-m/nofp\libgcc.a(_arm_addsubsf3.o)
                0x0000000008000b28                __aeabi_frsub
                0x0000000008000b30                __subsf3
                0x0000000008000b30                __aeabi_fsub
                0x0000000008000b34                __aeabi_fadd
                0x0000000008000b34                __addsf3
                0x0000000008000c94                __aeabi_ui2f
                0x0000000008000c94                __floatunsisf
                0x0000000008000c9c                __aeabi_i2f
                0x0000000008000c9c                __floatsisf
                0x0000000008000cb8                __aeabi_ul2f
                0x0000000008000cb8                __floatundisf
                0x0000000008000cc8                __aeabi_l2f
                0x0000000008000cc8                __floatdisf
 .text          0x0000000008000d44      0x2a0 c:/program files (x86)/stm32cubeide_1.5.1/stm32cubeide/plugins/com.st.stm32cube.ide.mcu.externaltools.gnu-tools-for-stm32.10.3-2021.10.win32_1.0.0.202111181127/tools/bin/../lib/gcc/arm-none-eabi/10.3.1/thumb/v7-m/nofp\libgcc.a(_arm_muldivsf3.o)
                0x0000000008000d44                __mulsf3
                0x0000000008000d44                __aeabi_fmul
                0x0000000008000eac                __aeabi_fdiv
                0x0000000008000eac                __divsf3
 .text          0x0000000008000fe4       0xec c:/program files (x86)/stm32cubeide_1.5.1/stm32cubeide/plugins/com.st.stm32cube.ide.mcu.externaltools.gnu-tools-for-stm32.10.3-2021.10.win32_1.0.0.202111181127/tools/bin/../lib/gcc/arm-none-eabi/10.3.1/thumb/v7-m/nofp\libgcc.a(_arm_cmpsf2.o)
                0x0000000008000fe4                __gesf2
                0x0000000008000fe4                __gtsf2
                0x0000000008000fec                __lesf2
                0x0000000008000fec                __ltsf2
                0x0000000008000ff4                __nesf2
                0x0000000008000ff4                __eqsf2
                0x0000000008000ff4                __cmpsf2
                0x0000000008001054                __aeabi_cfrcmple
                0x000000000800105c                __aeabi_cfcmpeq
                0x000000000800105c                __aeabi_cfcmple
                0x000000000800106c                __aeabi_fcmpeq
                0x0000000008001080                __aeabi_fcmplt
                0x0000000008001094                __aeabi_fcmple
                0x00000000080010a8                __aeabi_fcmpge
                0x00000000080010bc                __aeabi_fcmpgt
 .text          0x00000000080010d0       0x2c c:/program files (x86)/stm32cubeide_1.5.1/stm32cubeide/plugins/com.st.stm32cube.ide.mcu.externaltools.gnu-tools-for-stm32.10.3-2021.10.win32_1.0.0.202111181127/tools/bin/../lib/gcc/arm-none-eabi/10.3.1/thumb/v7-m/nofp\libgcc.a(_arm_unordsf2.o)
                0x00000000080010d0                __unordsf2
                0x00000000080010d0                __aeabi_fcmpun
 .text          0x00000000080010fc       0x4c c:/program files (x86)/stm32cubeide_1.5.1/stm32cubeide/plugins/com.st.stm32cube.ide.mcu.externaltools.gnu-tools-for-stm32.10.3-2021.10.win32_1.0.0.202111181127/tools/bin/../lib/gcc/arm-none-eabi/10.3.1/thumb/v7-m/nofp\libgcc.a(_arm_fixsfsi.o)
                0x00000000080010fc                __aeabi_f2iz
                0x00000000080010fc                __fixsfsi
 .text          0x0000000008001148       0x40 c:/program files (x86)/stm32cubeide_1.5.1/stm32cubeide/plugins/com.st.stm32cube.ide.mcu.externaltools.gnu-tools-for-stm32.10.3-2021.10.win32_1.0.0.202111181127/tools/bin/../lib/gcc/arm-none-eabi/10.3.1/thumb/v7-m/nofp\libgcc.a(_arm_fixunssfsi.o)
                0x0000000008001148                __fixunssfsi
                0x0000000008001148                __aeabi_f2uiz
 *(.text*)
 .text.HAL_InitTick
                0x0000000008001188       0x48 ./Drivers/STM32F1xx_HAL_Driver/Src/stm32f1xx_hal.o
                0x0000000008001188                HAL_InitTick
 .text.HAL_Init
                0x00000000080011d0       0x24 ./Drivers/STM32F1xx_HAL_Driver/Src/stm32f1xx_hal.o
                0x00000000080011d0                HAL_Init
 .text.HAL_IncTick
                0x00000000080011f4       0x18 ./Drivers/STM32F1xx_HAL_Driver/Src/stm32f1xx_hal.o
                0x00000000080011f4                HAL_IncTick
 .text.HAL_GetTick
                0x000000000800120c        0xc ./Drivers/STM32F1xx_HAL_Driver/Src/stm32f1xx_hal.o
                0x000000000800120c                HAL_GetTick
 .text.HAL_Delay
                0x0000000008001218       0x24 ./Drivers/STM32F1xx_HAL_Driver/Src/stm32f1xx_hal.o
                0x0000000008001218                HAL_Delay
 .text.HAL_NVIC_SetPriorityGrouping
                0x000000000800123c       0x24 ./Drivers/STM32F1xx_HAL_Driver/Src/stm32f1xx_hal_cortex.o
                0x000000000800123c                HAL_NVIC_SetPriorityGrouping
 .text.HAL_NVIC_SetPriority
                0x0000000008001260       0x64 ./Drivers/STM32F1xx_HAL_Driver/Src/stm32f1xx_hal_cortex.o
                0x0000000008001260                HAL_NVIC_SetPriority
 .text.HAL_SYSTICK_Config
                0x00000000080012c4       0x28 ./Drivers/STM32F1xx_HAL_Driver/Src/stm32f1xx_hal_cortex.o
                0x00000000080012c4                HAL_SYSTICK_Config
 .text.HAL_GPIO_Init
                0x00000000080012ec      0x1b4 ./Drivers/STM32F1xx_HAL_Driver/Src/stm32f1xx_hal_gpio.o
                0x00000000080012ec                HAL_GPIO_Init
 .text.HAL_GPIO_ReadPin
                0x00000000080014a0        0xc ./Drivers/STM32F1xx_HAL_Driver/Src/stm32f1xx_hal_gpio.o
                0x00000000080014a0                HAL_GPIO_ReadPin
 .text.HAL_GPIO_WritePin
                0x00000000080014ac        0xa ./Drivers/STM32F1xx_HAL_Driver/Src/stm32f1xx_hal_gpio.o
                0x00000000080014ac                HAL_GPIO_WritePin
 .text.I2C_IsAcknowledgeFailed
                0x00000000080014b6       0x32 ./Drivers/STM32F1xx_HAL_Driver/Src/stm32f1xx_hal_i2c.o
 .text.I2C_WaitOnFlagUntilTimeout
                0x00000000080014e8       0x64 ./Drivers/STM32F1xx_HAL_Driver/Src/stm32f1xx_hal_i2c.o
 .text.I2C_WaitOnMasterAddressFlagUntilTimeout
                0x000000000800154c       0x76 ./Drivers/STM32F1xx_HAL_Driver/Src/stm32f1xx_hal_i2c.o
 .text.I2C_WaitOnRXNEFlagUntilTimeout
                0x00000000080015c2       0x5e ./Drivers/STM32F1xx_HAL_Driver/Src/stm32f1xx_hal_i2c.o
 .text.I2C_WaitOnBTFFlagUntilTimeout
                0x0000000008001620       0x4c ./Drivers/STM32F1xx_HAL_Driver/Src/stm32f1xx_hal_i2c.o
 .text.I2C_WaitOnTXEFlagUntilTimeout
                0x000000000800166c       0x4c ./Drivers/STM32F1xx_HAL_Driver/Src/stm32f1xx_hal_i2c.o
 .text.I2C_RequestMemoryRead
                0x00000000080016b8      0x104 ./Drivers/STM32F1xx_HAL_Driver/Src/stm32f1xx_hal_i2c.o
 .text.HAL_I2C_Init
                0x00000000080017bc      0x150 ./Drivers/STM32F1xx_HAL_Driver/Src/stm32f1xx_hal_i2c.o
                0x00000000080017bc                HAL_I2C_Init
 .text.HAL_I2C_Master_Transmit
                0x000000000800190c      0x1b0 ./Drivers/STM32F1xx_HAL_Driver/Src/stm32f1xx_hal_i2c.o
                0x000000000800190c                HAL_I2C_Master_Transmit
 .text.HAL_I2C_Mem_Read
                0x0000000008001abc      0x27c ./Drivers/STM32F1xx_HAL_Driver/Src/stm32f1xx_hal_i2c.o
                0x0000000008001abc                HAL_I2C_Mem_Read
 .text.HAL_RCC_OscConfig
                0x0000000008001d38      0x338 ./Drivers/STM32F1xx_HAL_Driver/Src/stm32f1xx_hal_rcc.o
                0x0000000008001d38                HAL_RCC_OscConfig
 .text.HAL_RCC_GetSysClockFreq
                0x0000000008002070       0x74 ./Drivers/STM32F1xx_HAL_Driver/Src/stm32f1xx_hal_rcc.o
                0x0000000008002070                HAL_RCC_GetSysClockFreq
 .text.HAL_RCC_ClockConfig
                0x00000000080020e4      0x138 ./Drivers/STM32F1xx_HAL_Driver/Src/stm32f1xx_hal_rcc.o
                0x00000000080020e4                HAL_RCC_ClockConfig
 .text.HAL_RCC_GetPCLK1Freq
                0x000000000800221c       0x20 ./Drivers/STM32F1xx_HAL_Driver/Src/stm32f1xx_hal_rcc.o
                0x000000000800221c                HAL_RCC_GetPCLK1Freq
 .text.HAL_SPI_Init
                0x000000000800223c       0xb0 ./Drivers/STM32F1xx_HAL_Driver/Src/stm32f1xx_hal_spi.o
                0x000000000800223c                HAL_SPI_Init
 .text.HAL_TIM_Encoder_Start
                0x00000000080022ec       0xb6 ./Drivers/STM32F1xx_HAL_Driver/Src/stm32f1xx_hal_tim.o
                0x00000000080022ec                HAL_TIM_Encoder_Start
 *fill*         0x00000000080023a2        0x2 
 .text.TIM_Base_SetConfig
                0x00000000080023a4       0x70 ./Drivers/STM32F1xx_HAL_Driver/Src/stm32f1xx_hal_tim.o
                0x00000000080023a4                TIM_Base_SetConfig
 .text.HAL_TIM_Encoder_Init
                0x0000000008002414       0xaa ./Drivers/STM32F1xx_HAL_Driver/Src/stm32f1xx_hal_tim.o
                0x0000000008002414                HAL_TIM_Encoder_Init
 *fill*         0x00000000080024be        0x2 
 .text.HAL_TIMEx_MasterConfigSynchronization
                0x00000000080024c0       0x5c ./Drivers/STM32F1xx_HAL_Driver/Src/stm32f1xx_hal_tim_ex.o
                0x00000000080024c0                HAL_TIMEx_MasterConfigSynchronization
 .text._ZN22HourglassColorSettings10set_presetEi
                0x000000000800251c       0x50 ./Src/HourglassColorSettings.o
                0x000000000800251c                HourglassColorSettings::set_preset(int)
 .text._ZN22HourglassColorSettings15standart_presetEv
                0x000000000800256c       0x30 ./Src/HourglassColorSettings.o
                0x000000000800256c                HourglassColorSettings::standart_preset()
 .text._ZN22HourglassColorSettings13sakura_presetEv
                0x000000000800259c       0x30 ./Src/HourglassColorSettings.o
                0x000000000800259c                HourglassColorSettings::sakura_preset()
 .text._ZN22HourglassColorSettings12blood_presetEv
                0x00000000080025cc       0x30 ./Src/HourglassColorSettings.o
                0x00000000080025cc                HourglassColorSettings::blood_preset()
 .text._ZN22HourglassColorSettings13nature_presetEv
                0x00000000080025fc       0x30 ./Src/HourglassColorSettings.o
                0x00000000080025fc                HourglassColorSettings::nature_preset()
 .text._Z21ILI9341_Write_Commandh
                0x000000000800262c       0x70 ./Src/ILI9341.o
                0x000000000800262c                ILI9341_Write_Command(unsigned char)
 .text._Z18ILI9341_Write_Datah
                0x000000000800269c       0x70 ./Src/ILI9341.o
                0x000000000800269c                ILI9341_Write_Data(unsigned char)
 .text._Z19ILI9341_Set_Addresstttt
                0x000000000800270c      0x258 ./Src/ILI9341.o
                0x000000000800270c                ILI9341_Set_Address(unsigned short, unsigned short, unsigned short, unsigned short)
 .text._Z13ILI9341_Resetv
                0x0000000008002964       0x38 ./Src/ILI9341.o
                0x0000000008002964                ILI9341_Reset()
 .text._Z20ILI9341_Set_Rotationh
                0x000000000800299c       0xf0 ./Src/ILI9341.o
                0x000000000800299c                ILI9341_Set_Rotation(unsigned char)
 .text._Z12ILI9341_Initv
                0x0000000008002a8c      0x220 ./Src/ILI9341.o
                0x0000000008002a8c                ILI9341_Init()
 .text._Z25ILI9341_Draw_Colour_Bursttm
                0x0000000008002cac       0xb8 ./Src/ILI9341.o
                0x0000000008002cac                ILI9341_Draw_Colour_Burst(unsigned short, unsigned long)
 .text._Z19ILI9341_Fill_Screent
                0x0000000008002d64       0x4c ./Src/ILI9341.o
                0x0000000008002d64                ILI9341_Fill_Screen(unsigned short)
 .text._Z18ILI9341_Draw_Pixelttt
                0x0000000008002db0      0x2d8 ./Src/ILI9341.o
                0x0000000008002db0                ILI9341_Draw_Pixel(unsigned short, unsigned short, unsigned short)
 .text._Z26ILI9341_Draw_Vertical_Linetttt
                0x0000000008003088       0x9c ./Src/ILI9341.o
                0x0000000008003088                ILI9341_Draw_Vertical_Line(unsigned short, unsigned short, unsigned short, unsigned short)
 .text._Z19ILI9341_Random_linesssst
                0x0000000008003124      0x13a ./Src/ILI9341.o
                0x0000000008003124                ILI9341_Random_line(short, short, short, short, unsigned short)
 .text._ZL17ILI9341_WriteCharttc7FontDeftt
                0x000000000800325e       0xdc ./Src/ILI9341.o
 .text._Z19ILI9341_WriteStringttPKc7FontDeftt
                0x000000000800333a       0x8c ./Src/ILI9341.o
                0x000000000800333a                ILI9341_WriteString(unsigned short, unsigned short, char const*, FontDef, unsigned short, unsigned short)
 .text._ZSt4sqrtf
                0x00000000080033c6       0x18 ./Src/MadgwickAHRS.o
                0x00000000080033c6                std::sqrt(float)
 .text._ZN9Hourglass17invert_print_flagEv
                0x00000000080033de       0x20 ./Src/Menu.o
                0x00000000080033de                Hourglass::invert_print_flag()
 .text._ZN9Hourglass14set_print_flagEb
                0x00000000080033fe       0x1c ./Src/Menu.o
                0x00000000080033fe                Hourglass::set_print_flag(bool)
 .text._ZN9Hourglass14get_print_flagEv
                0x000000000800341a       0x16 ./Src/Menu.o
                0x000000000800341a                Hourglass::get_print_flag()
 .text._ZN9Hourglass14set_sand_layerEv
                0x0000000008003430       0x1a ./Src/Menu.o
                0x0000000008003430                Hourglass::set_sand_layer()
 .text._ZN4Menu10processingEhmffl
                0x000000000800344a       0x88 ./Src/Menu.o
                0x000000000800344a                Menu::processing(unsigned char, unsigned long, float, float, long)
 .text._ZN4Menu22swap_screen_if_changedEf
                0x00000000080034d2       0x9c ./Src/Menu.o
                0x00000000080034d2                Menu::swap_screen_if_changed(float)
 .text._ZN4Menu16is_short_state_1Ehm
                0x000000000800356e       0x38 ./Src/Menu.o
                0x000000000800356e                Menu::is_short_state_1(unsigned char, unsigned long)
 .text._ZN4Menu13short_state_1Em
                0x00000000080035a6       0x26 ./Src/Menu.o
                0x00000000080035a6                Menu::short_state_1(unsigned long)
 .text._ZN4Menu13is_long_stateEhm
                0x00000000080035cc       0x3a ./Src/Menu.o
                0x00000000080035cc                Menu::is_long_state(unsigned char, unsigned long)
 .text._ZN4Menu10long_stateEf
                0x0000000008003606       0x20 ./Src/Menu.o
                0x0000000008003606                Menu::long_state(float)
 .text._ZN4Menu18long_state_executeEf
                0x0000000008003626       0x40 ./Src/Menu.o
                0x0000000008003626                Menu::long_state_execute(float)
 .text._ZN4Menu16change_menu_flagEv
                0x0000000008003666       0x20 ./Src/Menu.o
                0x0000000008003666                Menu::change_menu_flag()
 .text._ZN4Menu7in_menuEv
                0x0000000008003686       0x16 ./Src/Menu.o
                0x0000000008003686                Menu::in_menu()
 .text._ZN4Menu29set_hourglass_time_and_presetEf
                0x000000000800369c       0x64 ./Src/Menu.o
                0x000000000800369c                Menu::set_hourglass_time_and_preset(float)
 .text._ZN4Menu14stop_hourglassEv
                0x0000000008003700       0x1c ./Src/Menu.o
                0x0000000008003700                Menu::stop_hourglass()
 .text._ZN4Menu15print_menu_headEv
                0x000000000800371c       0xe4 ./Src/Menu.o
                0x000000000800371c                Menu::print_menu_head()
 .text._ZN4Menu14get_head_colorEv
                0x0000000008003800       0x16 ./Src/Menu.o
                0x0000000008003800                Menu::get_head_color()
 *fill*         0x0000000008003816        0x2 
 .text._ZN4Menu15print_menu_bodyEv
                0x0000000008003818      0x140 ./Src/Menu.o
                0x0000000008003818                Menu::print_menu_body()
 .text._ZN4Menu14get_body_colorEh
                0x0000000008003958       0x2c ./Src/Menu.o
                0x0000000008003958                Menu::get_body_color(unsigned char)
 .text._ZN4Menu14is_short_stateEhm
                0x0000000008003984       0x38 ./Src/Menu.o
                0x0000000008003984                Menu::is_short_state(unsigned char, unsigned long)
 .text._ZN4Menu11short_stateEm
                0x00000000080039bc       0x26 ./Src/Menu.o
                0x00000000080039bc                Menu::short_state(unsigned long)
 .text._ZN4Menu19short_state_executeEm
                0x00000000080039e2       0x3e ./Src/Menu.o
                0x00000000080039e2                Menu::short_state_execute(unsigned long)
 .text._ZN4Menu17select_next_paramEv
                0x0000000008003a20       0x2c ./Src/Menu.o
                0x0000000008003a20                Menu::select_next_param()
 .text._ZN4Menu13encoder_stateEl
                0x0000000008003a4c       0x62 ./Src/Menu.o
                0x0000000008003a4c                Menu::encoder_state(long)
 .text._ZN4Menu15encoder_changedEl
                0x0000000008003aae       0x24 ./Src/Menu.o
                0x0000000008003aae                Menu::encoder_changed(long)
 .text._ZN4Menu17encoder_incrementEl
                0x0000000008003ad2       0x34 ./Src/Menu.o
                0x0000000008003ad2                Menu::encoder_increment(long)
 .text._ZN4Menu17encoder_decrementEl
                0x0000000008003b06       0x34 ./Src/Menu.o
                0x0000000008003b06                Menu::encoder_decrement(long)
 .text._ZN4Menu11encoder_addEv
                0x0000000008003b3a       0x18 ./Src/Menu.o
                0x0000000008003b3a                Menu::encoder_add()
 .text._ZN4Menu11encoder_subEv
                0x0000000008003b52       0x18 ./Src/Menu.o
                0x0000000008003b52                Menu::encoder_sub()
 *fill*         0x0000000008003b6a        0x2 
 .text._ZN4Menu19encoder_change_menuEb
                0x0000000008003b6c       0x64 ./Src/Menu.o
                0x0000000008003b6c                Menu::encoder_change_menu(bool)
 .text._ZN4Menu15minute_changingEb
                0x0000000008003bd0       0x7c ./Src/Menu.o
                0x0000000008003bd0                Menu::minute_changing(bool)
 .text._ZN4Menu15second_changingEb
                0x0000000008003c4c       0x98 ./Src/Menu.o
                0x0000000008003c4c                Menu::second_changing(bool)
 .text._ZN4Menu13form_changingEb
                0x0000000008003ce4       0x56 ./Src/Menu.o
                0x0000000008003ce4                Menu::form_changing(bool)
 .text._ZN4Menu15preset_changingEb
                0x0000000008003d3a       0x56 ./Src/Menu.o
                0x0000000008003d3a                Menu::preset_changing(bool)
 .text._ZN22HourglassColorSettings10BackGroundEv
                0x0000000008003d90       0x18 ./Src/grain.o
                0x0000000008003d90                HourglassColorSettings::BackGround()
 .text._ZN22HourglassColorSettings4SandEv
                0x0000000008003da8       0x18 ./Src/grain.o
                0x0000000008003da8                HourglassColorSettings::Sand()
 .text._ZN5Grain7animateEifi
                0x0000000008003dc0       0x9e ./Src/grain.o
                0x0000000008003dc0                Grain::animate(int, float, int)
 *fill*         0x0000000008003e5e        0x2 
 .text._ZN5Grain12set_rotationEfi
                0x0000000008003e60       0x5c ./Src/grain.o
                0x0000000008003e60                Grain::set_rotation(float, int)
 .text._ZN5Grain22set_random_start_shiftEv
                0x0000000008003ebc       0x42 ./Src/grain.o
                0x0000000008003ebc                Grain::set_random_start_shift()
 *fill*         0x0000000008003efe        0x2 
 .text._ZN5Grain20set_random_directionEv
                0x0000000008003f00       0x34 ./Src/grain.o
                0x0000000008003f00                Grain::set_random_direction()
 *fill*         0x0000000008003f34        0x4 
 .text._ZN5Grain19set_random_distanceEv
                0x0000000008003f38       0x7c ./Src/grain.o
                0x0000000008003f38                Grain::set_random_distance()
 .text._ZN5GrainC2Ev
                0x0000000008003fb4       0xbc ./Src/grain.o
                0x0000000008003fb4                Grain::Grain()
                0x0000000008003fb4                Grain::Grain()
 .text._ZN5Grain12delete_grainEi
                0x0000000008004070       0x36 ./Src/grain.o
                0x0000000008004070                Grain::delete_grain(int)
 .text._ZN5Grain15set_coordinatesEii
                0x00000000080040a6       0xb0 ./Src/grain.o
                0x00000000080040a6                Grain::set_coordinates(int, int)
 .text._ZN5Grain14move_animationEi
                0x0000000008004156       0x72 ./Src/grain.o
                0x0000000008004156                Grain::move_animation(int)
 .text._ZN5Grain4drawEs
                0x00000000080041c8       0x64 ./Src/grain.o
                0x00000000080041c8                Grain::draw(short)
 .text._ZSt4fmaxIiiEN9__gnu_cxx11__promote_2IT_T0_NS0_9__promoteIS2_XsrSt12__is_integerIS2_E7__valueEE6__typeENS4_IS3_XsrS5_IS3_E7__valueEE6__typeEE6__typeES2_S3_
                0x000000000800422c       0x34 ./Src/grain.o
                0x000000000800422c                __gnu_cxx::__promote_2<int, int, __gnu_cxx::__promote<int, std::__is_integer<int>::__value>::__type, __gnu_cxx::__promote<int, std::__is_integer<int>::__value>::__type>::__type std::fmax<int, int>(int, int)
 .text._ZSt4fminIiiEN9__gnu_cxx11__promote_2IT_T0_NS0_9__promoteIS2_XsrSt12__is_integerIS2_E7__valueEE6__typeENS4_IS3_XsrS5_IS3_E7__valueEE6__typeEE6__typeES2_S3_
                0x0000000008004260       0x34 ./Src/grain.o
                0x0000000008004260                __gnu_cxx::__promote_2<int, int, __gnu_cxx::__promote<int, std::__is_integer<int>::__value>::__type, __gnu_cxx::__promote<int, std::__is_integer<int>::__value>::__type>::__type std::fmin<int, int>(int, int)
 .text._ZN5Grain8set_formEPFiiibE
                0x0000000008004294       0x1a ./Src/grains.o
                0x0000000008004294                Grain::set_form(int (*)(int, int, bool))
 .text._ZN5GrainD2Ev
                0x00000000080042ae       0x14 ./Src/grains.o
                0x00000000080042ae                Grain::~Grain()
                0x00000000080042ae                Grain::~Grain()
 .text._ZN6GrainsC2EPFiiibE
                0x00000000080042c2       0x3a ./Src/grains.o
                0x00000000080042c2                Grains::Grains(int (*)(int, int, bool))
                0x00000000080042c2                Grains::Grains(int (*)(int, int, bool))
 .text._ZN6Grains7animateEifi
                0x00000000080042fc       0x46 ./Src/grains.o
                0x00000000080042fc                Grains::animate(int, float, int)
 .text._ZN6Grains8set_formEPFiiibE
                0x0000000008004342       0x40 ./Src/grains.o
                0x0000000008004342                Grains::set_form(int (*)(int, int, bool))
 .text._ZN6Grains8deletingEi
                0x0000000008004382       0x40 ./Src/grains.o
                0x0000000008004382                Grains::deleting(int)
 .text._ZN6GrainsD2Ev
                0x00000000080043c2       0x34 ./Src/grains.o
                0x00000000080043c2                Grains::~Grains()
                0x00000000080043c2                Grains::~Grains()
 *fill*         0x00000000080043f6        0x2 
 .text._ZN22HourglassColorSettings9HourGlassEv
                0x00000000080043f8       0x18 ./Src/hourglass.o
                0x00000000080043f8                HourglassColorSettings::HourGlass()
 .text._ZN9Hourglass6cosineEiib
                0x0000000008004410      0x1c4 ./Src/hourglass.o
                0x0000000008004410                Hourglass::cosine(int, int, bool)
 *fill*         0x00000000080045d4        0x4 
 .text._ZN9Hourglass4sineEiib
                0x00000000080045d8      0x208 ./Src/hourglass.o
                0x00000000080045d8                Hourglass::sine(int, int, bool)
 .text._ZN9Hourglass6moduleEiib
                0x00000000080047e0      0x128 ./Src/hourglass.o
                0x00000000080047e0                Hourglass::module(int, int, bool)
 .text._ZN9Hourglass10glass_formEiib
                0x0000000008004908       0x72 ./Src/hourglass.o
                0x0000000008004908                Hourglass::glass_form(int, int, bool)
 .text._ZN9Hourglass10glass_formEii
                0x000000000800497a       0x22 ./Src/hourglass.o
                0x000000000800497a                Hourglass::glass_form(int, int)
 .text._ZN9Hourglass15print_sand_lineEis
                0x000000000800499c       0x54 ./Src/hourglass.o
                0x000000000800499c                Hourglass::print_sand_line(int, short)
 .text._ZN9Hourglass10print_sandEv
                0x00000000080049f0       0x34 ./Src/hourglass.o
                0x00000000080049f0                Hourglass::print_sand()
 .text._ZN9Hourglass16change_sand_lineEii
                0x0000000008004a24       0x34 ./Src/hourglass.o
                0x0000000008004a24                Hourglass::change_sand_line(int, int)
 .text._ZN9Hourglass8set_timeEd
                0x0000000008004a58       0x38 ./Src/hourglass.o
                0x0000000008004a58                Hourglass::set_time(double)
 .text._ZN9Hourglass9animationEff
                0x0000000008004a90       0xb4 ./Src/hourglass.o
                0x0000000008004a90                Hourglass::animation(float, float)
 .text._ZN9Hourglass5resetEf
                0x0000000008004b44       0x64 ./Src/hourglass.o
                0x0000000008004b44                Hourglass::reset(float)
 .text._ZN9Hourglass20swap_screen_rotationEf
                0x0000000008004ba8       0x4c ./Src/hourglass.o
                0x0000000008004ba8                Hourglass::swap_screen_rotation(float)
 .text._ZN9Hourglass25screen_rotation_sand_fallEv
                0x0000000008004bf4       0x96 ./Src/hourglass.o
                0x0000000008004bf4                Hourglass::screen_rotation_sand_fall()
 .text._ZN9Hourglass14set_sand_layerEi
                0x0000000008004c8a       0x1a ./Src/hourglass.o
                0x0000000008004c8a                Hourglass::set_sand_layer(int)
 .text._ZN9Hourglass15print_hourglassEv
                0x0000000008004ca4      0x362 ./Src/hourglass.o
                0x0000000008004ca4                Hourglass::print_hourglass()
 .text._ZN9Hourglass5printEv
                0x0000000008005006       0x2a ./Src/hourglass.o
                0x0000000008005006                Hourglass::print()
 .text._ZN9Hourglass14set_glass_formEif
                0x0000000008005030       0x3a ./Src/hourglass.o
                0x0000000008005030                Hourglass::set_glass_form(int, float)
 *fill*         0x000000000800506a        0x2 
 .text._ZN9Hourglass25set_glass_form_for_grainsEv
                0x000000000800506c       0x6c ./Src/hourglass.o
                0x000000000800506c                Hourglass::set_glass_form_for_grains()
 .text._ZSt3absf
                0x00000000080050d8       0x18 ./Src/loadingAnimation.o
                0x00000000080050d8                std::abs(float)
 .text._ZSt4ceilf
                0x00000000080050f0       0x18 ./Src/loadingAnimation.o
                0x00000000080050f0                std::ceil(float)
 .text._ZSt5roundf
                0x0000000008005108       0x18 ./Src/loadingAnimation.o
                0x0000000008005108                std::round(float)
 .text._ZN16LoadingAnimationC2Ef
                0x0000000008005120       0x5c ./Src/loadingAnimation.o
                0x0000000008005120                LoadingAnimation::LoadingAnimation(float)
                0x0000000008005120                LoadingAnimation::LoadingAnimation(float)
 .text._ZN16LoadingAnimation6circleEf
                0x000000000800517c       0x6e ./Src/loadingAnimation.o
                0x000000000800517c                LoadingAnimation::circle(float)
 .text._ZN16LoadingAnimation5drawPEfiis
                0x00000000080051ea      0x252 ./Src/loadingAnimation.o
                0x00000000080051ea                LoadingAnimation::drawP(float, int, int, short)
 .text._ZN16LoadingAnimation4iterEv
                0x000000000800543c       0x2c ./Src/loadingAnimation.o
                0x000000000800543c                LoadingAnimation::iter()
 .text._ZN16LoadingAnimation10print_coilEss
                0x0000000008005468      0x138 ./Src/loadingAnimation.o
                0x0000000008005468                LoadingAnimation::print_coil(short, short)
 .text._ZN16LoadingAnimation9animationEv
                0x00000000080055a0       0x98 ./Src/loadingAnimation.o
                0x00000000080055a0                LoadingAnimation::animation()
 .text._ZN9HourglassC2Ef
                0x0000000008005638       0xac ./Src/main.o
                0x0000000008005638                Hourglass::Hourglass(float)
                0x0000000008005638                Hourglass::Hourglass(float)
 .text._ZN9HourglassC2Ev
                0x00000000080056e4       0x84 ./Src/main.o
                0x00000000080056e4                Hourglass::Hourglass()
                0x00000000080056e4                Hourglass::Hourglass()
 .text._ZN9HourglassD2Ev
                0x0000000008005768       0x1c ./Src/main.o
                0x0000000008005768                Hourglass::~Hourglass()
                0x0000000008005768                Hourglass::~Hourglass()
 .text._ZN4MenuC2Ef
                0x0000000008005784      0x208 ./Src/main.o
                0x0000000008005784                Menu::Menu(float)
                0x0000000008005784                Menu::Menu(float)
 .text._ZN4MenuD2Ev
                0x000000000800598c       0x28 ./Src/main.o
                0x000000000800598c                Menu::~Menu()
                0x000000000800598c                Menu::~Menu()
 .text._ZN4MenuD0Ev
                0x00000000080059b4       0x22 ./Src/main.o
                0x00000000080059b4                Menu::~Menu()
 *fill*         0x00000000080059d6        0x2 
 .text._Z12mpu6050_readhh
                0x00000000080059d8       0x48 ./Src/main.o
                0x00000000080059d8                mpu6050_read(unsigned char, unsigned char)
 .text._Z16mpu6050_getaccelv
                0x0000000008005a20       0x6c ./Src/main.o
                0x0000000008005a20                mpu6050_getaccel()
 .text._Z20mpu6050_getacceldatav
                0x0000000008005a8c       0x74 ./Src/main.o
                0x0000000008005a8c                mpu6050_getacceldata()
 .text._Z13mpu6050_writehh
                0x0000000008005b00       0x3c ./Src/main.o
                0x0000000008005b00                mpu6050_write(unsigned char, unsigned char)
 .text._Z12mpu6050_initv
                0x0000000008005b3c       0x30 ./Src/main.o
                0x0000000008005b3c                mpu6050_init()
 .text.main     0x0000000008005b6c      0x118 ./Src/main.o
                0x0000000008005b6c                main
 .text._Z18SystemClock_Configv
                0x0000000008005c84       0x9e ./Src/main.o
                0x0000000008005c84                SystemClock_Config()
 *fill*         0x0000000008005d22        0x2 
 .text._ZL12MX_I2C1_Initv
                0x0000000008005d24       0x68 ./Src/main.o
 .text._ZL12MX_SPI1_Initv
                0x0000000008005d8c       0x78 ./Src/main.o
 .text._ZL12MX_TIM1_Initv
                0x0000000008005e04       0xc0 ./Src/main.o
 .text._ZL12MX_GPIO_Initv
                0x0000000008005ec4       0xc8 ./Src/main.o
 .text.Error_Handler
                0x0000000008005f8c        0xc ./Src/main.o
                0x0000000008005f8c                Error_Handler
 .text.HAL_MspInit
                0x0000000008005f98       0x44 ./Src/stm32f1xx_hal_msp.o
                0x0000000008005f98                HAL_MspInit
 .text.HAL_I2C_MspInit
                0x0000000008005fdc       0x78 ./Src/stm32f1xx_hal_msp.o
                0x0000000008005fdc                HAL_I2C_MspInit
 .text.HAL_SPI_MspInit
                0x0000000008006054       0x74 ./Src/stm32f1xx_hal_msp.o
                0x0000000008006054                HAL_SPI_MspInit
 .text.HAL_TIM_Encoder_MspInit
                0x00000000080060c8       0x60 ./Src/stm32f1xx_hal_msp.o
                0x00000000080060c8                HAL_TIM_Encoder_MspInit
 .text.NMI_Handler
                0x0000000008006128        0x2 ./Src/stm32f1xx_it.o
                0x0000000008006128                NMI_Handler
 .text.HardFault_Handler
                0x000000000800612a        0x2 ./Src/stm32f1xx_it.o
                0x000000000800612a                HardFault_Handler
 .text.MemManage_Handler
                0x000000000800612c        0x2 ./Src/stm32f1xx_it.o
                0x000000000800612c                MemManage_Handler
 .text.BusFault_Handler
                0x000000000800612e        0x2 ./Src/stm32f1xx_it.o
                0x000000000800612e                BusFault_Handler
 .text.UsageFault_Handler
                0x0000000008006130        0x2 ./Src/stm32f1xx_it.o
                0x0000000008006130                UsageFault_Handler
 .text.SVC_Handler
                0x0000000008006132        0x2 ./Src/stm32f1xx_it.o
                0x0000000008006132                SVC_Handler
 .text.DebugMon_Handler
                0x0000000008006134        0x2 ./Src/stm32f1xx_it.o
                0x0000000008006134                DebugMon_Handler
 .text.PendSV_Handler
                0x0000000008006136        0x2 ./Src/stm32f1xx_it.o
                0x0000000008006136                PendSV_Handler
 .text.SysTick_Handler
                0x0000000008006138        0x4 ./Src/stm32f1xx_it.o
                0x0000000008006138                SysTick_Handler
 .text._getpid  0x000000000800613c        0x4 ./Src/syscalls.o
                0x000000000800613c                _getpid
 .text._kill    0x0000000008006140       0x10 ./Src/syscalls.o
                0x0000000008006140                _kill
 .text._exit    0x0000000008006150        0xc ./Src/syscalls.o
                0x0000000008006150                _exit
 .text._read    0x000000000800615c       0x1c ./Src/syscalls.o
                0x000000000800615c                _read
 .text._write   0x0000000008006178       0x1c ./Src/syscalls.o
                0x0000000008006178                _write
 .text._sbrk    0x0000000008006194       0x34 ./Src/syscalls.o
                0x0000000008006194                _sbrk
 .text._close   0x00000000080061c8        0x6 ./Src/syscalls.o
                0x00000000080061c8                _close
 .text._fstat   0x00000000080061ce        0xa ./Src/syscalls.o
                0x00000000080061ce                _fstat
 .text._isatty  0x00000000080061d8        0x4 ./Src/syscalls.o
                0x00000000080061d8                _isatty
 .text._lseek   0x00000000080061dc        0x4 ./Src/syscalls.o
                0x00000000080061dc                _lseek
 .text.SystemInit
                0x00000000080061e0       0x4c ./Src/system_stm32f1xx.o
                0x00000000080061e0                SystemInit
 .text.Reset_Handler
                0x000000000800622c       0x48 ./startup/startup_stm32f103xb.o
                0x000000000800622c                Reset_Handler
 .text.Default_Handler
                0x0000000008006274        0x2 ./startup/startup_stm32f103xb.o
                0x0000000008006274                RTC_Alarm_IRQHandler
                0x0000000008006274                EXTI2_IRQHandler
                0x0000000008006274                TIM1_CC_IRQHandler
                0x0000000008006274                PVD_IRQHandler
                0x0000000008006274                EXTI3_IRQHandler
                0x0000000008006274                EXTI0_IRQHandler
                0x0000000008006274                I2C2_EV_IRQHandler
                0x0000000008006274                ADC1_2_IRQHandler
                0x0000000008006274                SPI1_IRQHandler
                0x0000000008006274                TAMPER_IRQHandler
                0x0000000008006274                DMA1_Channel4_IRQHandler
                0x0000000008006274                USART3_IRQHandler
                0x0000000008006274                RTC_IRQHandler
                0x0000000008006274                DMA1_Channel7_IRQHandler
                0x0000000008006274                CAN1_RX1_IRQHandler
                0x0000000008006274                TIM4_IRQHandler
                0x0000000008006274                I2C1_EV_IRQHandler
                0x0000000008006274                DMA1_Channel6_IRQHandler
                0x0000000008006274                TIM3_IRQHandler
                0x0000000008006274                RCC_IRQHandler
                0x0000000008006274                TIM1_TRG_COM_IRQHandler
                0x0000000008006274                DMA1_Channel1_IRQHandler
                0x0000000008006274                Default_Handler
                0x0000000008006274                EXTI15_10_IRQHandler
                0x0000000008006274                EXTI9_5_IRQHandler
                0x0000000008006274                SPI2_IRQHandler
                0x0000000008006274                DMA1_Channel5_IRQHandler
                0x0000000008006274                EXTI4_IRQHandler
                0x0000000008006274                USB_LP_CAN1_RX0_IRQHandler
                0x0000000008006274                USB_HP_CAN1_TX_IRQHandler
                0x0000000008006274                DMA1_Channel3_IRQHandler
                0x0000000008006274                TIM1_UP_IRQHandler
                0x0000000008006274                WWDG_IRQHandler
                0x0000000008006274                TIM2_IRQHandler
                0x0000000008006274                TIM1_BRK_IRQHandler
                0x0000000008006274                EXTI1_IRQHandler
                0x0000000008006274                USART2_IRQHandler
                0x0000000008006274                I2C2_ER_IRQHandler
                0x0000000008006274                DMA1_Channel2_IRQHandler
                0x0000000008006274                CAN1_SCE_IRQHandler
                0x0000000008006274                FLASH_IRQHandler
                0x0000000008006274                USART1_IRQHandler
                0x0000000008006274                I2C1_ER_IRQHandler
                0x0000000008006274                USBWakeUp_IRQHandler
 .text._ZdlPvj  0x0000000008006276        0x4 c:/program files (x86)/stm32cubeide_1.5.1/stm32cubeide/plugins/com.st.stm32cube.ide.mcu.externaltools.gnu-tools-for-stm32.10.3-2021.10.win32_1.0.0.202111181127/tools/bin/../lib/gcc/arm-none-eabi/10.3.1/../../../../arm-none-eabi/lib/thumb/v7-m/nofp\libstdc++_nano.a(del_ops.o)
                0x0000000008006276                operator delete(void*, unsigned int)
 .text._ZdlPv   0x000000000800627a        0x4 c:/program files (x86)/stm32cubeide_1.5.1/stm32cubeide/plugins/com.st.stm32cube.ide.mcu.externaltools.gnu-tools-for-stm32.10.3-2021.10.win32_1.0.0.202111181127/tools/bin/../lib/gcc/arm-none-eabi/10.3.1/../../../../arm-none-eabi/lib/thumb/v7-m/nofp\libstdc++_nano.a(del_op.o)
                0x000000000800627a                operator delete(void*)
 *fill*         0x000000000800627e        0x2 
 .text.ceil     0x0000000008006280      0x100 c:/program files (x86)/stm32cubeide_1.5.1/stm32cubeide/plugins/com.st.stm32cube.ide.mcu.externaltools.gnu-tools-for-stm32.10.3-2021.10.win32_1.0.0.202111181127/tools/bin/../lib/gcc/arm-none-eabi/10.3.1/../../../../arm-none-eabi/lib/thumb/v7-m/nofp\libm.a(lib_a-s_ceil.o)
                0x0000000008006280                ceil
 .text.cos      0x0000000008006380       0x8c c:/program files (x86)/stm32cubeide_1.5.1/stm32cubeide/plugins/com.st.stm32cube.ide.mcu.externaltools.gnu-tools-for-stm32.10.3-2021.10.win32_1.0.0.202111181127/tools/bin/../lib/gcc/arm-none-eabi/10.3.1/../../../../arm-none-eabi/lib/thumb/v7-m/nofp\libm.a(lib_a-s_cos.o)
                0x0000000008006380                cos
 *fill*         0x000000000800640c        0x4 
 .text.floor    0x0000000008006410      0x100 c:/program files (x86)/stm32cubeide_1.5.1/stm32cubeide/plugins/com.st.stm32cube.ide.mcu.externaltools.gnu-tools-for-stm32.10.3-2021.10.win32_1.0.0.202111181127/tools/bin/../lib/gcc/arm-none-eabi/10.3.1/../../../../arm-none-eabi/lib/thumb/v7-m/nofp\libm.a(lib_a-s_floor.o)
                0x0000000008006410                floor
 .text.fmax     0x0000000008006510       0x32 c:/program files (x86)/stm32cubeide_1.5.1/stm32cubeide/plugins/com.st.stm32cube.ide.mcu.externaltools.gnu-tools-for-stm32.10.3-2021.10.win32_1.0.0.202111181127/tools/bin/../lib/gcc/arm-none-eabi/10.3.1/../../../../arm-none-eabi/lib/thumb/v7-m/nofp\libm.a(lib_a-s_fmax.o)
                0x0000000008006510                fmax
 .text.fmin     0x0000000008006542       0x32 c:/program files (x86)/stm32cubeide_1.5.1/stm32cubeide/plugins/com.st.stm32cube.ide.mcu.externaltools.gnu-tools-for-stm32.10.3-2021.10.win32_1.0.0.202111181127/tools/bin/../lib/gcc/arm-none-eabi/10.3.1/../../../../arm-none-eabi/lib/thumb/v7-m/nofp\libm.a(lib_a-s_fmin.o)
                0x0000000008006542                fmin
 .text.__fpclassifyd
                0x0000000008006574       0x50 c:/program files (x86)/stm32cubeide_1.5.1/stm32cubeide/plugins/com.st.stm32cube.ide.mcu.externaltools.gnu-tools-for-stm32.10.3-2021.10.win32_1.0.0.202111181127/tools/bin/../lib/gcc/arm-none-eabi/10.3.1/../../../../arm-none-eabi/lib/thumb/v7-m/nofp\libm.a(lib_a-s_fpclassify.o)
                0x0000000008006574                __fpclassifyd
 .text.sin      0x00000000080065c4       0x8c c:/program files (x86)/stm32cubeide_1.5.1/stm32cubeide/plugins/com.st.stm32cube.ide.mcu.externaltools.gnu-tools-for-stm32.10.3-2021.10.win32_1.0.0.202111181127/tools/bin/../lib/gcc/arm-none-eabi/10.3.1/../../../../arm-none-eabi/lib/thumb/v7-m/nofp\libm.a(lib_a-s_sin.o)
                0x00000000080065c4                sin
 .text.ceilf    0x0000000008006650       0x80 c:/program files (x86)/stm32cubeide_1.5.1/stm32cubeide/plugins/com.st.stm32cube.ide.mcu.externaltools.gnu-tools-for-stm32.10.3-2021.10.win32_1.0.0.202111181127/tools/bin/../lib/gcc/arm-none-eabi/10.3.1/../../../../arm-none-eabi/lib/thumb/v7-m/nofp\libm.a(lib_a-sf_ceil.o)
                0x0000000008006650                ceilf
 .text.roundf   0x00000000080066d0       0x4c c:/program files (x86)/stm32cubeide_1.5.1/stm32cubeide/plugins/com.st.stm32cube.ide.mcu.externaltools.gnu-tools-for-stm32.10.3-2021.10.win32_1.0.0.202111181127/tools/bin/../lib/gcc/arm-none-eabi/10.3.1/../../../../arm-none-eabi/lib/thumb/v7-m/nofp\libm.a(lib_a-sf_round.o)
                0x00000000080066d0                roundf
 .text.sqrtf    0x000000000800671c       0x34 c:/program files (x86)/stm32cubeide_1.5.1/stm32cubeide/plugins/com.st.stm32cube.ide.mcu.externaltools.gnu-tools-for-stm32.10.3-2021.10.win32_1.0.0.202111181127/tools/bin/../lib/gcc/arm-none-eabi/10.3.1/../../../../arm-none-eabi/lib/thumb/v7-m/nofp\libm.a(lib_a-wf_sqrt.o)
                0x000000000800671c                sqrtf
 .text.__ieee754_rem_pio2
                0x0000000008006750      0x3f0 c:/program files (x86)/stm32cubeide_1.5.1/stm32cubeide/plugins/com.st.stm32cube.ide.mcu.externaltools.gnu-tools-for-stm32.10.3-2021.10.win32_1.0.0.202111181127/tools/bin/../lib/gcc/arm-none-eabi/10.3.1/../../../../arm-none-eabi/lib/thumb/v7-m/nofp\libm.a(lib_a-e_rem_pio2.o)
                0x0000000008006750                __ieee754_rem_pio2
 .text.__ieee754_sqrtf
                0x0000000008006b40       0xa2 c:/program files (x86)/stm32cubeide_1.5.1/stm32cubeide/plugins/com.st.stm32cube.ide.mcu.externaltools.gnu-tools-for-stm32.10.3-2021.10.win32_1.0.0.202111181127/tools/bin/../lib/gcc/arm-none-eabi/10.3.1/../../../../arm-none-eabi/lib/thumb/v7-m/nofp\libm.a(lib_a-ef_sqrt.o)
                0x0000000008006b40                __ieee754_sqrtf
 *fill*         0x0000000008006be2        0x6 
 .text.__kernel_cos
                0x0000000008006be8      0x17c c:/program files (x86)/stm32cubeide_1.5.1/stm32cubeide/plugins/com.st.stm32cube.ide.mcu.externaltools.gnu-tools-for-stm32.10.3-2021.10.win32_1.0.0.202111181127/tools/bin/../lib/gcc/arm-none-eabi/10.3.1/../../../../arm-none-eabi/lib/thumb/v7-m/nofp\libm.a(lib_a-k_cos.o)
                0x0000000008006be8                __kernel_cos
 .text.__kernel_rem_pio2
                0x0000000008006d64      0x684 c:/program files (x86)/stm32cubeide_1.5.1/stm32cubeide/plugins/com.st.stm32cube.ide.mcu.externaltools.gnu-tools-for-stm32.10.3-2021.10.win32_1.0.0.202111181127/tools/bin/../lib/gcc/arm-none-eabi/10.3.1/../../../../arm-none-eabi/lib/thumb/v7-m/nofp\libm.a(lib_a-k_rem_pio2.o)
                0x0000000008006d64                __kernel_rem_pio2
 .text.__kernel_sin
                0x00000000080073e8      0x16c c:/program files (x86)/stm32cubeide_1.5.1/stm32cubeide/plugins/com.st.stm32cube.ide.mcu.externaltools.gnu-tools-for-stm32.10.3-2021.10.win32_1.0.0.202111181127/tools/bin/../lib/gcc/arm-none-eabi/10.3.1/../../../../arm-none-eabi/lib/thumb/v7-m/nofp\libm.a(lib_a-k_sin.o)
                0x00000000080073e8                __kernel_sin
 .text.fabs     0x0000000008007554        0x6 c:/program files (x86)/stm32cubeide_1.5.1/stm32cubeide/plugins/com.st.stm32cube.ide.mcu.externaltools.gnu-tools-for-stm32.10.3-2021.10.win32_1.0.0.202111181127/tools/bin/../lib/gcc/arm-none-eabi/10.3.1/../../../../arm-none-eabi/lib/thumb/v7-m/nofp\libm.a(lib_a-s_fabs.o)
                0x0000000008007554                fabs
 *fill*         0x000000000800755a        0x6 
 .text.scalbn   0x0000000008007560       0xfc c:/program files (x86)/stm32cubeide_1.5.1/stm32cubeide/plugins/com.st.stm32cube.ide.mcu.externaltools.gnu-tools-for-stm32.10.3-2021.10.win32_1.0.0.202111181127/tools/bin/../lib/gcc/arm-none-eabi/10.3.1/../../../../arm-none-eabi/lib/thumb/v7-m/nofp\libm.a(lib_a-s_scalbn.o)
                0x0000000008007560                scalbn
 .text.__errno  0x000000000800765c        0xc c:/program files (x86)/stm32cubeide_1.5.1/stm32cubeide/plugins/com.st.stm32cube.ide.mcu.externaltools.gnu-tools-for-stm32.10.3-2021.10.win32_1.0.0.202111181127/tools/bin/../lib/gcc/arm-none-eabi/10.3.1/../../../../arm-none-eabi/lib/thumb/v7-m/nofp\libc_nano.a(lib_a-errno.o)
                0x000000000800765c                __errno
 .text.__libc_init_array
                0x0000000008007668       0x48 c:/program files (x86)/stm32cubeide_1.5.1/stm32cubeide/plugins/com.st.stm32cube.ide.mcu.externaltools.gnu-tools-for-stm32.10.3-2021.10.win32_1.0.0.202111181127/tools/bin/../lib/gcc/arm-none-eabi/10.3.1/../../../../arm-none-eabi/lib/thumb/v7-m/nofp\libc_nano.a(lib_a-init.o)
                0x0000000008007668                __libc_init_array
 .text.malloc   0x00000000080076b0       0x10 c:/program files (x86)/stm32cubeide_1.5.1/stm32cubeide/plugins/com.st.stm32cube.ide.mcu.externaltools.gnu-tools-for-stm32.10.3-2021.10.win32_1.0.0.202111181127/tools/bin/../lib/gcc/arm-none-eabi/10.3.1/../../../../arm-none-eabi/lib/thumb/v7-m/nofp\libc_nano.a(lib_a-malloc.o)
                0x00000000080076b0                malloc
 .text.free     0x00000000080076c0       0x10 c:/program files (x86)/stm32cubeide_1.5.1/stm32cubeide/plugins/com.st.stm32cube.ide.mcu.externaltools.gnu-tools-for-stm32.10.3-2021.10.win32_1.0.0.202111181127/tools/bin/../lib/gcc/arm-none-eabi/10.3.1/../../../../arm-none-eabi/lib/thumb/v7-m/nofp\libc_nano.a(lib_a-malloc.o)
                0x00000000080076c0                free
 .text.memcpy   0x00000000080076d0       0x1c c:/program files (x86)/stm32cubeide_1.5.1/stm32cubeide/plugins/com.st.stm32cube.ide.mcu.externaltools.gnu-tools-for-stm32.10.3-2021.10.win32_1.0.0.202111181127/tools/bin/../lib/gcc/arm-none-eabi/10.3.1/../../../../arm-none-eabi/lib/thumb/v7-m/nofp\libc_nano.a(lib_a-memcpy-stub.o)
                0x00000000080076d0                memcpy
 .text.memset   0x00000000080076ec       0x10 c:/program files (x86)/stm32cubeide_1.5.1/stm32cubeide/plugins/com.st.stm32cube.ide.mcu.externaltools.gnu-tools-for-stm32.10.3-2021.10.win32_1.0.0.202111181127/tools/bin/../lib/gcc/arm-none-eabi/10.3.1/../../../../arm-none-eabi/lib/thumb/v7-m/nofp\libc_nano.a(lib_a-memset.o)
                0x00000000080076ec                memset
 .text._free_r  0x00000000080076fc       0x90 c:/program files (x86)/stm32cubeide_1.5.1/stm32cubeide/plugins/com.st.stm32cube.ide.mcu.externaltools.gnu-tools-for-stm32.10.3-2021.10.win32_1.0.0.202111181127/tools/bin/../lib/gcc/arm-none-eabi/10.3.1/../../../../arm-none-eabi/lib/thumb/v7-m/nofp\libc_nano.a(lib_a-nano-freer.o)
                0x00000000080076fc                _free_r
 .text.sbrk_aligned
                0x000000000800778c       0x40 c:/program files (x86)/stm32cubeide_1.5.1/stm32cubeide/plugins/com.st.stm32cube.ide.mcu.externaltools.gnu-tools-for-stm32.10.3-2021.10.win32_1.0.0.202111181127/tools/bin/../lib/gcc/arm-none-eabi/10.3.1/../../../../arm-none-eabi/lib/thumb/v7-m/nofp\libc_nano.a(lib_a-nano-mallocr.o)
 .text._malloc_r
                0x00000000080077cc       0xe8 c:/program files (x86)/stm32cubeide_1.5.1/stm32cubeide/plugins/com.st.stm32cube.ide.mcu.externaltools.gnu-tools-for-stm32.10.3-2021.10.win32_1.0.0.202111181127/tools/bin/../lib/gcc/arm-none-eabi/10.3.1/../../../../arm-none-eabi/lib/thumb/v7-m/nofp\libc_nano.a(lib_a-nano-mallocr.o)
                0x00000000080077cc                _malloc_r
 .text.__cvt    0x00000000080078b4       0xbe c:/program files (x86)/stm32cubeide_1.5.1/stm32cubeide/plugins/com.st.stm32cube.ide.mcu.externaltools.gnu-tools-for-stm32.10.3-2021.10.win32_1.0.0.202111181127/tools/bin/../lib/gcc/arm-none-eabi/10.3.1/../../../../arm-none-eabi/lib/thumb/v7-m/nofp\libc_nano.a(lib_a-nano-vfprintf_float.o)
                0x00000000080078b4                __cvt
 .text.__exponent
                0x0000000008007972       0x7c c:/program files (x86)/stm32cubeide_1.5.1/stm32cubeide/plugins/com.st.stm32cube.ide.mcu.externaltools.gnu-tools-for-stm32.10.3-2021.10.win32_1.0.0.202111181127/tools/bin/../lib/gcc/arm-none-eabi/10.3.1/../../../../arm-none-eabi/lib/thumb/v7-m/nofp\libc_nano.a(lib_a-nano-vfprintf_float.o)
                0x0000000008007972                __exponent
 *fill*         0x00000000080079ee        0x2 
 .text._printf_float
                0x00000000080079f0      0x458 c:/program files (x86)/stm32cubeide_1.5.1/stm32cubeide/plugins/com.st.stm32cube.ide.mcu.externaltools.gnu-tools-for-stm32.10.3-2021.10.win32_1.0.0.202111181127/tools/bin/../lib/gcc/arm-none-eabi/10.3.1/../../../../arm-none-eabi/lib/thumb/v7-m/nofp\libc_nano.a(lib_a-nano-vfprintf_float.o)
                0x00000000080079f0                _printf_float
 .text._printf_common
                0x0000000008007e48       0xde c:/program files (x86)/stm32cubeide_1.5.1/stm32cubeide/plugins/com.st.stm32cube.ide.mcu.externaltools.gnu-tools-for-stm32.10.3-2021.10.win32_1.0.0.202111181127/tools/bin/../lib/gcc/arm-none-eabi/10.3.1/../../../../arm-none-eabi/lib/thumb/v7-m/nofp\libc_nano.a(lib_a-nano-vfprintf_i.o)
                0x0000000008007e48                _printf_common
 *fill*         0x0000000008007f26        0x2 
 .text._printf_i
                0x0000000008007f28      0x24c c:/program files (x86)/stm32cubeide_1.5.1/stm32cubeide/plugins/com.st.stm32cube.ide.mcu.externaltools.gnu-tools-for-stm32.10.3-2021.10.win32_1.0.0.202111181127/tools/bin/../lib/gcc/arm-none-eabi/10.3.1/../../../../arm-none-eabi/lib/thumb/v7-m/nofp\libc_nano.a(lib_a-nano-vfprintf_i.o)
                0x0000000008007f28                _printf_i
 .text.srand    0x0000000008008174       0x5c c:/program files (x86)/stm32cubeide_1.5.1/stm32cubeide/plugins/com.st.stm32cube.ide.mcu.externaltools.gnu-tools-for-stm32.10.3-2021.10.win32_1.0.0.202111181127/tools/bin/../lib/gcc/arm-none-eabi/10.3.1/../../../../arm-none-eabi/lib/thumb/v7-m/nofp\libc_nano.a(lib_a-rand.o)
                0x0000000008008174                srand
 .text.rand     0x00000000080081d0       0x7c c:/program files (x86)/stm32cubeide_1.5.1/stm32cubeide/plugins/com.st.stm32cube.ide.mcu.externaltools.gnu-tools-for-stm32.10.3-2021.10.win32_1.0.0.202111181127/tools/bin/../lib/gcc/arm-none-eabi/10.3.1/../../../../arm-none-eabi/lib/thumb/v7-m/nofp\libc_nano.a(lib_a-rand.o)
                0x00000000080081d0                rand
 .text._sbrk_r  0x000000000800824c       0x20 c:/program files (x86)/stm32cubeide_1.5.1/stm32cubeide/plugins/com.st.stm32cube.ide.mcu.externaltools.gnu-tools-for-stm32.10.3-2021.10.win32_1.0.0.202111181127/tools/bin/../lib/gcc/arm-none-eabi/10.3.1/../../../../arm-none-eabi/lib/thumb/v7-m/nofp\libc_nano.a(lib_a-sbrkr.o)
                0x000000000800824c                _sbrk_r
 .text.snprintf
                0x000000000800826c       0x68 c:/program files (x86)/stm32cubeide_1.5.1/stm32cubeide/plugins/com.st.stm32cube.ide.mcu.externaltools.gnu-tools-for-stm32.10.3-2021.10.win32_1.0.0.202111181127/tools/bin/../lib/gcc/arm-none-eabi/10.3.1/../../../../arm-none-eabi/lib/thumb/v7-m/nofp\libc_nano.a(lib_a-snprintf.o)
                0x000000000800826c                sniprintf
                0x000000000800826c                snprintf
 .text.__assert_func
                0x00000000080082d4       0x3c c:/program files (x86)/stm32cubeide_1.5.1/stm32cubeide/plugins/com.st.stm32cube.ide.mcu.externaltools.gnu-tools-for-stm32.10.3-2021.10.win32_1.0.0.202111181127/tools/bin/../lib/gcc/arm-none-eabi/10.3.1/../../../../arm-none-eabi/lib/thumb/v7-m/nofp\libc_nano.a(lib_a-assert.o)
                0x00000000080082d4                __assert_func
 .text.quorem   0x0000000008008310      0x118 c:/program files (x86)/stm32cubeide_1.5.1/stm32cubeide/plugins/com.st.stm32cube.ide.mcu.externaltools.gnu-tools-for-stm32.10.3-2021.10.win32_1.0.0.202111181127/tools/bin/../lib/gcc/arm-none-eabi/10.3.1/../../../../arm-none-eabi/lib/thumb/v7-m/nofp\libc_nano.a(lib_a-dtoa.o)
 .text._dtoa_r  0x0000000008008428      0xbdc c:/program files (x86)/stm32cubeide_1.5.1/stm32cubeide/plugins/com.st.stm32cube.ide.mcu.externaltools.gnu-tools-for-stm32.10.3-2021.10.win32_1.0.0.202111181127/tools/bin/../lib/gcc/arm-none-eabi/10.3.1/../../../../arm-none-eabi/lib/thumb/v7-m/nofp\libc_nano.a(lib_a-dtoa.o)
                0x0000000008008428                _dtoa_r
 .text.fprintf  0x0000000008009004       0x24 c:/program files (x86)/stm32cubeide_1.5.1/stm32cubeide/plugins/com.st.stm32cube.ide.mcu.externaltools.gnu-tools-for-stm32.10.3-2021.10.win32_1.0.0.202111181127/tools/bin/../lib/gcc/arm-none-eabi/10.3.1/../../../../arm-none-eabi/lib/thumb/v7-m/nofp\libc_nano.a(lib_a-fprintf.o)
                0x0000000008009004                fiprintf
                0x0000000008009004                fprintf
 .text._localeconv_r
                0x0000000008009028        0x8 c:/program files (x86)/stm32cubeide_1.5.1/stm32cubeide/plugins/com.st.stm32cube.ide.mcu.externaltools.gnu-tools-for-stm32.10.3-2021.10.win32_1.0.0.202111181127/tools/bin/../lib/gcc/arm-none-eabi/10.3.1/../../../../arm-none-eabi/lib/thumb/v7-m/nofp\libc_nano.a(lib_a-localeconv.o)
                0x0000000008009028                _localeconv_r
 .text.memchr   0x0000000008009030       0x1c c:/program files (x86)/stm32cubeide_1.5.1/stm32cubeide/plugins/com.st.stm32cube.ide.mcu.externaltools.gnu-tools-for-stm32.10.3-2021.10.win32_1.0.0.202111181127/tools/bin/../lib/gcc/arm-none-eabi/10.3.1/../../../../arm-none-eabi/lib/thumb/v7-m/nofp\libc_nano.a(lib_a-memchr-stub.o)
                0x0000000008009030                memchr
 .text.__malloc_lock
                0x000000000800904c        0xc c:/program files (x86)/stm32cubeide_1.5.1/stm32cubeide/plugins/com.st.stm32cube.ide.mcu.externaltools.gnu-tools-for-stm32.10.3-2021.10.win32_1.0.0.202111181127/tools/bin/../lib/gcc/arm-none-eabi/10.3.1/../../../../arm-none-eabi/lib/thumb/v7-m/nofp\libc_nano.a(lib_a-mlock.o)
                0x000000000800904c                __malloc_lock
 .text.__malloc_unlock
                0x0000000008009058        0xc c:/program files (x86)/stm32cubeide_1.5.1/stm32cubeide/plugins/com.st.stm32cube.ide.mcu.externaltools.gnu-tools-for-stm32.10.3-2021.10.win32_1.0.0.202111181127/tools/bin/../lib/gcc/arm-none-eabi/10.3.1/../../../../arm-none-eabi/lib/thumb/v7-m/nofp\libc_nano.a(lib_a-mlock.o)
                0x0000000008009058                __malloc_unlock
 .text._Balloc  0x0000000008009064       0x80 c:/program files (x86)/stm32cubeide_1.5.1/stm32cubeide/plugins/com.st.stm32cube.ide.mcu.externaltools.gnu-tools-for-stm32.10.3-2021.10.win32_1.0.0.202111181127/tools/bin/../lib/gcc/arm-none-eabi/10.3.1/../../../../arm-none-eabi/lib/thumb/v7-m/nofp\libc_nano.a(lib_a-mprec.o)
                0x0000000008009064                _Balloc
 .text._Bfree   0x00000000080090e4       0x44 c:/program files (x86)/stm32cubeide_1.5.1/stm32cubeide/plugins/com.st.stm32cube.ide.mcu.externaltools.gnu-tools-for-stm32.10.3-2021.10.win32_1.0.0.202111181127/tools/bin/../lib/gcc/arm-none-eabi/10.3.1/../../../../arm-none-eabi/lib/thumb/v7-m/nofp\libc_nano.a(lib_a-mprec.o)
                0x00000000080090e4                _Bfree
 .text.__multadd
                0x0000000008009128       0x8c c:/program files (x86)/stm32cubeide_1.5.1/stm32cubeide/plugins/com.st.stm32cube.ide.mcu.externaltools.gnu-tools-for-stm32.10.3-2021.10.win32_1.0.0.202111181127/tools/bin/../lib/gcc/arm-none-eabi/10.3.1/../../../../arm-none-eabi/lib/thumb/v7-m/nofp\libc_nano.a(lib_a-mprec.o)
                0x0000000008009128                __multadd
 .text.__hi0bits
                0x00000000080091b4       0x40 c:/program files (x86)/stm32cubeide_1.5.1/stm32cubeide/plugins/com.st.stm32cube.ide.mcu.externaltools.gnu-tools-for-stm32.10.3-2021.10.win32_1.0.0.202111181127/tools/bin/../lib/gcc/arm-none-eabi/10.3.1/../../../../arm-none-eabi/lib/thumb/v7-m/nofp\libc_nano.a(lib_a-mprec.o)
                0x00000000080091b4                __hi0bits
 .text.__lo0bits
                0x00000000080091f4       0x5a c:/program files (x86)/stm32cubeide_1.5.1/stm32cubeide/plugins/com.st.stm32cube.ide.mcu.externaltools.gnu-tools-for-stm32.10.3-2021.10.win32_1.0.0.202111181127/tools/bin/../lib/gcc/arm-none-eabi/10.3.1/../../../../arm-none-eabi/lib/thumb/v7-m/nofp\libc_nano.a(lib_a-mprec.o)
                0x00000000080091f4                __lo0bits
 *fill*         0x000000000800924e        0x2 
 .text.__i2b    0x0000000008009250       0x2c c:/program files (x86)/stm32cubeide_1.5.1/stm32cubeide/plugins/com.st.stm32cube.ide.mcu.externaltools.gnu-tools-for-stm32.10.3-2021.10.win32_1.0.0.202111181127/tools/bin/../lib/gcc/arm-none-eabi/10.3.1/../../../../arm-none-eabi/lib/thumb/v7-m/nofp\libc_nano.a(lib_a-mprec.o)
                0x0000000008009250                __i2b
 .text.__multiply
                0x000000000800927c      0x150 c:/program files (x86)/stm32cubeide_1.5.1/stm32cubeide/plugins/com.st.stm32cube.ide.mcu.externaltools.gnu-tools-for-stm32.10.3-2021.10.win32_1.0.0.202111181127/tools/bin/../lib/gcc/arm-none-eabi/10.3.1/../../../../arm-none-eabi/lib/thumb/v7-m/nofp\libc_nano.a(lib_a-mprec.o)
                0x000000000800927c                __multiply
 .text.__pow5mult
                0x00000000080093cc       0xb4 c:/program files (x86)/stm32cubeide_1.5.1/stm32cubeide/plugins/com.st.stm32cube.ide.mcu.externaltools.gnu-tools-for-stm32.10.3-2021.10.win32_1.0.0.202111181127/tools/bin/../lib/gcc/arm-none-eabi/10.3.1/../../../../arm-none-eabi/lib/thumb/v7-m/nofp\libc_nano.a(lib_a-mprec.o)
                0x00000000080093cc                __pow5mult
 .text.__lshift
                0x0000000008009480       0xe0 c:/program files (x86)/stm32cubeide_1.5.1/stm32cubeide/plugins/com.st.stm32cube.ide.mcu.externaltools.gnu-tools-for-stm32.10.3-2021.10.win32_1.0.0.202111181127/tools/bin/../lib/gcc/arm-none-eabi/10.3.1/../../../../arm-none-eabi/lib/thumb/v7-m/nofp\libc_nano.a(lib_a-mprec.o)
                0x0000000008009480                __lshift
 .text.__mcmp   0x0000000008009560       0x36 c:/program files (x86)/stm32cubeide_1.5.1/stm32cubeide/plugins/com.st.stm32cube.ide.mcu.externaltools.gnu-tools-for-stm32.10.3-2021.10.win32_1.0.0.202111181127/tools/bin/../lib/gcc/arm-none-eabi/10.3.1/../../../../arm-none-eabi/lib/thumb/v7-m/nofp\libc_nano.a(lib_a-mprec.o)
                0x0000000008009560                __mcmp
 *fill*         0x0000000008009596        0x2 
 .text.__mdiff  0x0000000008009598      0x118 c:/program files (x86)/stm32cubeide_1.5.1/stm32cubeide/plugins/com.st.stm32cube.ide.mcu.externaltools.gnu-tools-for-stm32.10.3-2021.10.win32_1.0.0.202111181127/tools/bin/../lib/gcc/arm-none-eabi/10.3.1/../../../../arm-none-eabi/lib/thumb/v7-m/nofp\libc_nano.a(lib_a-mprec.o)
                0x0000000008009598                __mdiff
 .text.__d2b    0x00000000080096b0       0xb8 c:/program files (x86)/stm32cubeide_1.5.1/stm32cubeide/plugins/com.st.stm32cube.ide.mcu.externaltools.gnu-tools-for-stm32.10.3-2021.10.win32_1.0.0.202111181127/tools/bin/../lib/gcc/arm-none-eabi/10.3.1/../../../../arm-none-eabi/lib/thumb/v7-m/nofp\libc_nano.a(lib_a-mprec.o)
                0x00000000080096b0                __d2b
 .text._calloc_r
                0x0000000008009768       0x28 c:/program files (x86)/stm32cubeide_1.5.1/stm32cubeide/plugins/com.st.stm32cube.ide.mcu.externaltools.gnu-tools-for-stm32.10.3-2021.10.win32_1.0.0.202111181127/tools/bin/../lib/gcc/arm-none-eabi/10.3.1/../../../../arm-none-eabi/lib/thumb/v7-m/nofp\libc_nano.a(lib_a-nano-callocr.o)
                0x0000000008009768                _calloc_r
 .text.__ssputs_r
                0x0000000008009790       0xb6 c:/program files (x86)/stm32cubeide_1.5.1/stm32cubeide/plugins/com.st.stm32cube.ide.mcu.externaltools.gnu-tools-for-stm32.10.3-2021.10.win32_1.0.0.202111181127/tools/bin/../lib/gcc/arm-none-eabi/10.3.1/../../../../arm-none-eabi/lib/thumb/v7-m/nofp\libc_nano.a(lib_a-nano-svfprintf.o)
                0x0000000008009790                __ssputs_r
 *fill*         0x0000000008009846        0x2 
 .text._svfprintf_r
                0x0000000008009848      0x200 c:/program files (x86)/stm32cubeide_1.5.1/stm32cubeide/plugins/com.st.stm32cube.ide.mcu.externaltools.gnu-tools-for-stm32.10.3-2021.10.win32_1.0.0.202111181127/tools/bin/../lib/gcc/arm-none-eabi/10.3.1/../../../../arm-none-eabi/lib/thumb/v7-m/nofp\libc_nano.a(lib_a-nano-svfprintf.o)
                0x0000000008009848                _svfiprintf_r
                0x0000000008009848                _svfprintf_r
 .text.__sfputc_r
                0x0000000008009a48       0x2a c:/program files (x86)/stm32cubeide_1.5.1/stm32cubeide/plugins/com.st.stm32cube.ide.mcu.externaltools.gnu-tools-for-stm32.10.3-2021.10.win32_1.0.0.202111181127/tools/bin/../lib/gcc/arm-none-eabi/10.3.1/../../../../arm-none-eabi/lib/thumb/v7-m/nofp\libc_nano.a(lib_a-nano-vfprintf.o)
 .text.__sfputs_r
                0x0000000008009a72       0x24 c:/program files (x86)/stm32cubeide_1.5.1/stm32cubeide/plugins/com.st.stm32cube.ide.mcu.externaltools.gnu-tools-for-stm32.10.3-2021.10.win32_1.0.0.202111181127/tools/bin/../lib/gcc/arm-none-eabi/10.3.1/../../../../arm-none-eabi/lib/thumb/v7-m/nofp\libc_nano.a(lib_a-nano-vfprintf.o)
                0x0000000008009a72                __sfputs_r
 *fill*         0x0000000008009a96        0x2 
 .text._vfprintf_r
                0x0000000008009a98      0x260 c:/program files (x86)/stm32cubeide_1.5.1/stm32cubeide/plugins/com.st.stm32cube.ide.mcu.externaltools.gnu-tools-for-stm32.10.3-2021.10.win32_1.0.0.202111181127/tools/bin/../lib/gcc/arm-none-eabi/10.3.1/../../../../arm-none-eabi/lib/thumb/v7-m/nofp\libc_nano.a(lib_a-nano-vfprintf.o)
                0x0000000008009a98                _vfprintf_r
                0x0000000008009a98                _vfiprintf_r
 .text.__swbuf_r
                0x0000000008009cf8       0xa4 c:/program files (x86)/stm32cubeide_1.5.1/stm32cubeide/plugins/com.st.stm32cube.ide.mcu.externaltools.gnu-tools-for-stm32.10.3-2021.10.win32_1.0.0.202111181127/tools/bin/../lib/gcc/arm-none-eabi/10.3.1/../../../../arm-none-eabi/lib/thumb/v7-m/nofp\libc_nano.a(lib_a-wbuf.o)
                0x0000000008009cf8                __swbuf_r
 .text.__swsetup_r
                0x0000000008009d9c       0xdc c:/program files (x86)/stm32cubeide_1.5.1/stm32cubeide/plugins/com.st.stm32cube.ide.mcu.externaltools.gnu-tools-for-stm32.10.3-2021.10.win32_1.0.0.202111181127/tools/bin/../lib/gcc/arm-none-eabi/10.3.1/../../../../arm-none-eabi/lib/thumb/v7-m/nofp\libc_nano.a(lib_a-wsetup.o)
                0x0000000008009d9c                __swsetup_r
 .text.abort    0x0000000008009e78        0xe c:/program files (x86)/stm32cubeide_1.5.1/stm32cubeide/plugins/com.st.stm32cube.ide.mcu.externaltools.gnu-tools-for-stm32.10.3-2021.10.win32_1.0.0.202111181127/tools/bin/../lib/gcc/arm-none-eabi/10.3.1/../../../../arm-none-eabi/lib/thumb/v7-m/nofp\libc_nano.a(lib_a-abort.o)
                0x0000000008009e78                abort
 *fill*         0x0000000008009e86        0x2 
 .text.__sflush_r
                0x0000000008009e88      0x104 c:/program files (x86)/stm32cubeide_1.5.1/stm32cubeide/plugins/com.st.stm32cube.ide.mcu.externaltools.gnu-tools-for-stm32.10.3-2021.10.win32_1.0.0.202111181127/tools/bin/../lib/gcc/arm-none-eabi/10.3.1/../../../../arm-none-eabi/lib/thumb/v7-m/nofp\libc_nano.a(lib_a-fflush.o)
                0x0000000008009e88                __sflush_r
 .text._fflush_r
                0x0000000008009f8c       0x78 c:/program files (x86)/stm32cubeide_1.5.1/stm32cubeide/plugins/com.st.stm32cube.ide.mcu.externaltools.gnu-tools-for-stm32.10.3-2021.10.win32_1.0.0.202111181127/tools/bin/../lib/gcc/arm-none-eabi/10.3.1/../../../../arm-none-eabi/lib/thumb/v7-m/nofp\libc_nano.a(lib_a-fflush.o)
                0x0000000008009f8c                _fflush_r
 .text.std      0x000000000800a004       0x48 c:/program files (x86)/stm32cubeide_1.5.1/stm32cubeide/plugins/com.st.stm32cube.ide.mcu.externaltools.gnu-tools-for-stm32.10.3-2021.10.win32_1.0.0.202111181127/tools/bin/../lib/gcc/arm-none-eabi/10.3.1/../../../../arm-none-eabi/lib/thumb/v7-m/nofp\libc_nano.a(lib_a-findfp.o)
 .text._cleanup_r
                0x000000000800a04c        0xc c:/program files (x86)/stm32cubeide_1.5.1/stm32cubeide/plugins/com.st.stm32cube.ide.mcu.externaltools.gnu-tools-for-stm32.10.3-2021.10.win32_1.0.0.202111181127/tools/bin/../lib/gcc/arm-none-eabi/10.3.1/../../../../arm-none-eabi/lib/thumb/v7-m/nofp\libc_nano.a(lib_a-findfp.o)
                0x000000000800a04c                _cleanup_r
 .text.__sfmoreglue
                0x000000000800a058       0x2c c:/program files (x86)/stm32cubeide_1.5.1/stm32cubeide/plugins/com.st.stm32cube.ide.mcu.externaltools.gnu-tools-for-stm32.10.3-2021.10.win32_1.0.0.202111181127/tools/bin/../lib/gcc/arm-none-eabi/10.3.1/../../../../arm-none-eabi/lib/thumb/v7-m/nofp\libc_nano.a(lib_a-findfp.o)
                0x000000000800a058                __sfmoreglue
 .text.__sfp_lock_acquire
                0x000000000800a084        0xc c:/program files (x86)/stm32cubeide_1.5.1/stm32cubeide/plugins/com.st.stm32cube.ide.mcu.externaltools.gnu-tools-for-stm32.10.3-2021.10.win32_1.0.0.202111181127/tools/bin/../lib/gcc/arm-none-eabi/10.3.1/../../../../arm-none-eabi/lib/thumb/v7-m/nofp\libc_nano.a(lib_a-findfp.o)
                0x000000000800a084                __sfp_lock_acquire
 .text.__sfp_lock_release
                0x000000000800a090        0xc c:/program files (x86)/stm32cubeide_1.5.1/stm32cubeide/plugins/com.st.stm32cube.ide.mcu.externaltools.gnu-tools-for-stm32.10.3-2021.10.win32_1.0.0.202111181127/tools/bin/../lib/gcc/arm-none-eabi/10.3.1/../../../../arm-none-eabi/lib/thumb/v7-m/nofp\libc_nano.a(lib_a-findfp.o)
                0x000000000800a090                __sfp_lock_release
 .text.__sinit_lock_acquire
                0x000000000800a09c        0xc c:/program files (x86)/stm32cubeide_1.5.1/stm32cubeide/plugins/com.st.stm32cube.ide.mcu.externaltools.gnu-tools-for-stm32.10.3-2021.10.win32_1.0.0.202111181127/tools/bin/../lib/gcc/arm-none-eabi/10.3.1/../../../../arm-none-eabi/lib/thumb/v7-m/nofp\libc_nano.a(lib_a-findfp.o)
                0x000000000800a09c                __sinit_lock_acquire
 .text.__sinit_lock_release
                0x000000000800a0a8        0xc c:/program files (x86)/stm32cubeide_1.5.1/stm32cubeide/plugins/com.st.stm32cube.ide.mcu.externaltools.gnu-tools-for-stm32.10.3-2021.10.win32_1.0.0.202111181127/tools/bin/../lib/gcc/arm-none-eabi/10.3.1/../../../../arm-none-eabi/lib/thumb/v7-m/nofp\libc_nano.a(lib_a-findfp.o)
                0x000000000800a0a8                __sinit_lock_release
 .text.__sinit  0x000000000800a0b4       0x70 c:/program files (x86)/stm32cubeide_1.5.1/stm32cubeide/plugins/com.st.stm32cube.ide.mcu.externaltools.gnu-tools-for-stm32.10.3-2021.10.win32_1.0.0.202111181127/tools/bin/../lib/gcc/arm-none-eabi/10.3.1/../../../../arm-none-eabi/lib/thumb/v7-m/nofp\libc_nano.a(lib_a-findfp.o)
                0x000000000800a0b4                __sinit
 .text.__sfp    0x000000000800a124       0x8c c:/program files (x86)/stm32cubeide_1.5.1/stm32cubeide/plugins/com.st.stm32cube.ide.mcu.externaltools.gnu-tools-for-stm32.10.3-2021.10.win32_1.0.0.202111181127/tools/bin/../lib/gcc/arm-none-eabi/10.3.1/../../../../arm-none-eabi/lib/thumb/v7-m/nofp\libc_nano.a(lib_a-findfp.o)
                0x000000000800a124                __sfp
 .text._fwalk_reent
                0x000000000800a1b0       0x3e c:/program files (x86)/stm32cubeide_1.5.1/stm32cubeide/plugins/com.st.stm32cube.ide.mcu.externaltools.gnu-tools-for-stm32.10.3-2021.10.win32_1.0.0.202111181127/tools/bin/../lib/gcc/arm-none-eabi/10.3.1/../../../../arm-none-eabi/lib/thumb/v7-m/nofp\libc_nano.a(lib_a-fwalk.o)
                0x000000000800a1b0                _fwalk_reent
 .text.__retarget_lock_init_recursive
                0x000000000800a1ee        0x2 c:/program files (x86)/stm32cubeide_1.5.1/stm32cubeide/plugins/com.st.stm32cube.ide.mcu.externaltools.gnu-tools-for-stm32.10.3-2021.10.win32_1.0.0.202111181127/tools/bin/../lib/gcc/arm-none-eabi/10.3.1/../../../../arm-none-eabi/lib/thumb/v7-m/nofp\libc_nano.a(lib_a-lock.o)
                0x000000000800a1ee                __retarget_lock_init_recursive
 .text.__retarget_lock_acquire_recursive
                0x000000000800a1f0        0x2 c:/program files (x86)/stm32cubeide_1.5.1/stm32cubeide/plugins/com.st.stm32cube.ide.mcu.externaltools.gnu-tools-for-stm32.10.3-2021.10.win32_1.0.0.202111181127/tools/bin/../lib/gcc/arm-none-eabi/10.3.1/../../../../arm-none-eabi/lib/thumb/v7-m/nofp\libc_nano.a(lib_a-lock.o)
                0x000000000800a1f0                __retarget_lock_acquire_recursive
 .text.__retarget_lock_release_recursive
                0x000000000800a1f2        0x2 c:/program files (x86)/stm32cubeide_1.5.1/stm32cubeide/plugins/com.st.stm32cube.ide.mcu.externaltools.gnu-tools-for-stm32.10.3-2021.10.win32_1.0.0.202111181127/tools/bin/../lib/gcc/arm-none-eabi/10.3.1/../../../../arm-none-eabi/lib/thumb/v7-m/nofp\libc_nano.a(lib_a-lock.o)
                0x000000000800a1f2                __retarget_lock_release_recursive
 .text.__swhatbuf_r
                0x000000000800a1f4       0x4a c:/program files (x86)/stm32cubeide_1.5.1/stm32cubeide/plugins/com.st.stm32cube.ide.mcu.externaltools.gnu-tools-for-stm32.10.3-2021.10.win32_1.0.0.202111181127/tools/bin/../lib/gcc/arm-none-eabi/10.3.1/../../../../arm-none-eabi/lib/thumb/v7-m/nofp\libc_nano.a(lib_a-makebuf.o)
                0x000000000800a1f4                __swhatbuf_r
 *fill*         0x000000000800a23e        0x2 
 .text.__smakebuf_r
                0x000000000800a240       0x80 c:/program files (x86)/stm32cubeide_1.5.1/stm32cubeide/plugins/com.st.stm32cube.ide.mcu.externaltools.gnu-tools-for-stm32.10.3-2021.10.win32_1.0.0.202111181127/tools/bin/../lib/gcc/arm-none-eabi/10.3.1/../../../../arm-none-eabi/lib/thumb/v7-m/nofp\libc_nano.a(lib_a-makebuf.o)
                0x000000000800a240                __smakebuf_r
 .text.__ascii_mbtowc
                0x000000000800a2c0       0x24 c:/program files (x86)/stm32cubeide_1.5.1/stm32cubeide/plugins/com.st.stm32cube.ide.mcu.externaltools.gnu-tools-for-stm32.10.3-2021.10.win32_1.0.0.202111181127/tools/bin/../lib/gcc/arm-none-eabi/10.3.1/../../../../arm-none-eabi/lib/thumb/v7-m/nofp\libc_nano.a(lib_a-mbtowc_r.o)
                0x000000000800a2c0                __ascii_mbtowc
 .text.memmove  0x000000000800a2e4       0x34 c:/program files (x86)/stm32cubeide_1.5.1/stm32cubeide/plugins/com.st.stm32cube.ide.mcu.externaltools.gnu-tools-for-stm32.10.3-2021.10.win32_1.0.0.202111181127/tools/bin/../lib/gcc/arm-none-eabi/10.3.1/../../../../arm-none-eabi/lib/thumb/v7-m/nofp\libc_nano.a(lib_a-memmove.o)
                0x000000000800a2e4                memmove
 .text._realloc_r
                0x000000000800a318       0x5e c:/program files (x86)/stm32cubeide_1.5.1/stm32cubeide/plugins/com.st.stm32cube.ide.mcu.externaltools.gnu-tools-for-stm32.10.3-2021.10.win32_1.0.0.202111181127/tools/bin/../lib/gcc/arm-none-eabi/10.3.1/../../../../arm-none-eabi/lib/thumb/v7-m/nofp\libc_nano.a(lib_a-nano-reallocr.o)
                0x000000000800a318                _realloc_r
 .text._raise_r
                0x000000000800a376       0x50 c:/program files (x86)/stm32cubeide_1.5.1/stm32cubeide/plugins/com.st.stm32cube.ide.mcu.externaltools.gnu-tools-for-stm32.10.3-2021.10.win32_1.0.0.202111181127/tools/bin/../lib/gcc/arm-none-eabi/10.3.1/../../../../arm-none-eabi/lib/thumb/v7-m/nofp\libc_nano.a(lib_a-signal.o)
                0x000000000800a376                _raise_r
 *fill*         0x000000000800a3c6        0x2 
 .text.raise    0x000000000800a3c8       0x10 c:/program files (x86)/stm32cubeide_1.5.1/stm32cubeide/plugins/com.st.stm32cube.ide.mcu.externaltools.gnu-tools-for-stm32.10.3-2021.10.win32_1.0.0.202111181127/tools/bin/../lib/gcc/arm-none-eabi/10.3.1/../../../../arm-none-eabi/lib/thumb/v7-m/nofp\libc_nano.a(lib_a-signal.o)
                0x000000000800a3c8                raise
 .text._kill_r  0x000000000800a3d8       0x24 c:/program files (x86)/stm32cubeide_1.5.1/stm32cubeide/plugins/com.st.stm32cube.ide.mcu.externaltools.gnu-tools-for-stm32.10.3-2021.10.win32_1.0.0.202111181127/tools/bin/../lib/gcc/arm-none-eabi/10.3.1/../../../../arm-none-eabi/lib/thumb/v7-m/nofp\libc_nano.a(lib_a-signalr.o)
                0x000000000800a3d8                _kill_r
 .text._getpid_r
                0x000000000800a3fc        0x4 c:/program files (x86)/stm32cubeide_1.5.1/stm32cubeide/plugins/com.st.stm32cube.ide.mcu.externaltools.gnu-tools-for-stm32.10.3-2021.10.win32_1.0.0.202111181127/tools/bin/../lib/gcc/arm-none-eabi/10.3.1/../../../../arm-none-eabi/lib/thumb/v7-m/nofp\libc_nano.a(lib_a-signalr.o)
                0x000000000800a3fc                _getpid_r
 .text.__sread  0x000000000800a400       0x22 c:/program files (x86)/stm32cubeide_1.5.1/stm32cubeide/plugins/com.st.stm32cube.ide.mcu.externaltools.gnu-tools-for-stm32.10.3-2021.10.win32_1.0.0.202111181127/tools/bin/../lib/gcc/arm-none-eabi/10.3.1/../../../../arm-none-eabi/lib/thumb/v7-m/nofp\libc_nano.a(lib_a-stdio.o)
                0x000000000800a400                __sread
 .text.__swrite
                0x000000000800a422       0x38 c:/program files (x86)/stm32cubeide_1.5.1/stm32cubeide/plugins/com.st.stm32cube.ide.mcu.externaltools.gnu-tools-for-stm32.10.3-2021.10.win32_1.0.0.202111181127/tools/bin/../lib/gcc/arm-none-eabi/10.3.1/../../../../arm-none-eabi/lib/thumb/v7-m/nofp\libc_nano.a(lib_a-stdio.o)
                0x000000000800a422                __swrite
 .text.__sseek  0x000000000800a45a       0x24 c:/program files (x86)/stm32cubeide_1.5.1/stm32cubeide/plugins/com.st.stm32cube.ide.mcu.externaltools.gnu-tools-for-stm32.10.3-2021.10.win32_1.0.0.202111181127/tools/bin/../lib/gcc/arm-none-eabi/10.3.1/../../../../arm-none-eabi/lib/thumb/v7-m/nofp\libc_nano.a(lib_a-stdio.o)
                0x000000000800a45a                __sseek
 .text.__sclose
                0x000000000800a47e        0x8 c:/program files (x86)/stm32cubeide_1.5.1/stm32cubeide/plugins/com.st.stm32cube.ide.mcu.externaltools.gnu-tools-for-stm32.10.3-2021.10.win32_1.0.0.202111181127/tools/bin/../lib/gcc/arm-none-eabi/10.3.1/../../../../arm-none-eabi/lib/thumb/v7-m/nofp\libc_nano.a(lib_a-stdio.o)
                0x000000000800a47e                __sclose
 .text.__ascii_wctomb
                0x000000000800a486       0x1a c:/program files (x86)/stm32cubeide_1.5.1/stm32cubeide/plugins/com.st.stm32cube.ide.mcu.externaltools.gnu-tools-for-stm32.10.3-2021.10.win32_1.0.0.202111181127/tools/bin/../lib/gcc/arm-none-eabi/10.3.1/../../../../arm-none-eabi/lib/thumb/v7-m/nofp\libc_nano.a(lib_a-wctomb_r.o)
                0x000000000800a486                __ascii_wctomb
 .text._write_r
                0x000000000800a4a0       0x24 c:/program files (x86)/stm32cubeide_1.5.1/stm32cubeide/plugins/com.st.stm32cube.ide.mcu.externaltools.gnu-tools-for-stm32.10.3-2021.10.win32_1.0.0.202111181127/tools/bin/../lib/gcc/arm-none-eabi/10.3.1/../../../../arm-none-eabi/lib/thumb/v7-m/nofp\libc_nano.a(lib_a-writer.o)
                0x000000000800a4a0                _write_r
 .text._close_r
                0x000000000800a4c4       0x20 c:/program files (x86)/stm32cubeide_1.5.1/stm32cubeide/plugins/com.st.stm32cube.ide.mcu.externaltools.gnu-tools-for-stm32.10.3-2021.10.win32_1.0.0.202111181127/tools/bin/../lib/gcc/arm-none-eabi/10.3.1/../../../../arm-none-eabi/lib/thumb/v7-m/nofp\libc_nano.a(lib_a-closer.o)
                0x000000000800a4c4                _close_r
 .text._fstat_r
                0x000000000800a4e4       0x24 c:/program files (x86)/stm32cubeide_1.5.1/stm32cubeide/plugins/com.st.stm32cube.ide.mcu.externaltools.gnu-tools-for-stm32.10.3-2021.10.win32_1.0.0.202111181127/tools/bin/../lib/gcc/arm-none-eabi/10.3.1/../../../../arm-none-eabi/lib/thumb/v7-m/nofp\libc_nano.a(lib_a-fstatr.o)
                0x000000000800a4e4                _fstat_r
 .text._isatty_r
                0x000000000800a508       0x20 c:/program files (x86)/stm32cubeide_1.5.1/stm32cubeide/plugins/com.st.stm32cube.ide.mcu.externaltools.gnu-tools-for-stm32.10.3-2021.10.win32_1.0.0.202111181127/tools/bin/../lib/gcc/arm-none-eabi/10.3.1/../../../../arm-none-eabi/lib/thumb/v7-m/nofp\libc_nano.a(lib_a-isattyr.o)
                0x000000000800a508                _isatty_r
 .text._lseek_r
                0x000000000800a528       0x24 c:/program files (x86)/stm32cubeide_1.5.1/stm32cubeide/plugins/com.st.stm32cube.ide.mcu.externaltools.gnu-tools-for-stm32.10.3-2021.10.win32_1.0.0.202111181127/tools/bin/../lib/gcc/arm-none-eabi/10.3.1/../../../../arm-none-eabi/lib/thumb/v7-m/nofp\libc_nano.a(lib_a-lseekr.o)
                0x000000000800a528                _lseek_r
 .text._malloc_usable_size_r
                0x000000000800a54c       0x10 c:/program files (x86)/stm32cubeide_1.5.1/stm32cubeide/plugins/com.st.stm32cube.ide.mcu.externaltools.gnu-tools-for-stm32.10.3-2021.10.win32_1.0.0.202111181127/tools/bin/../lib/gcc/arm-none-eabi/10.3.1/../../../../arm-none-eabi/lib/thumb/v7-m/nofp\libc_nano.a(lib_a-nano-msizer.o)
                0x000000000800a54c                _malloc_usable_size_r
 .text._read_r  0x000000000800a55c       0x24 c:/program files (x86)/stm32cubeide_1.5.1/stm32cubeide/plugins/com.st.stm32cube.ide.mcu.externaltools.gnu-tools-for-stm32.10.3-2021.10.win32_1.0.0.202111181127/tools/bin/../lib/gcc/arm-none-eabi/10.3.1/../../../../arm-none-eabi/lib/thumb/v7-m/nofp\libc_nano.a(lib_a-readr.o)
                0x000000000800a55c                _read_r
 *(.glue_7)
 .glue_7        0x000000000800a580        0x0 linker stubs
 *(.glue_7t)
 .glue_7t       0x000000000800a580        0x0 linker stubs
 *(.eh_frame)
 .eh_frame      0x000000000800a580        0x0 c:/program files (x86)/stm32cubeide_1.5.1/stm32cubeide/plugins/com.st.stm32cube.ide.mcu.externaltools.gnu-tools-for-stm32.10.3-2021.10.win32_1.0.0.202111181127/tools/bin/../lib/gcc/arm-none-eabi/10.3.1/thumb/v7-m/nofp/crtbegin.o
 *(.init)
 .init          0x000000000800a580        0x4 c:/program files (x86)/stm32cubeide_1.5.1/stm32cubeide/plugins/com.st.stm32cube.ide.mcu.externaltools.gnu-tools-for-stm32.10.3-2021.10.win32_1.0.0.202111181127/tools/bin/../lib/gcc/arm-none-eabi/10.3.1/thumb/v7-m/nofp/crti.o
                0x000000000800a580                _init
 .init          0x000000000800a584        0x8 c:/program files (x86)/stm32cubeide_1.5.1/stm32cubeide/plugins/com.st.stm32cube.ide.mcu.externaltools.gnu-tools-for-stm32.10.3-2021.10.win32_1.0.0.202111181127/tools/bin/../lib/gcc/arm-none-eabi/10.3.1/thumb/v7-m/nofp/crtn.o
 *(.fini)
 .fini          0x000000000800a58c        0x4 c:/program files (x86)/stm32cubeide_1.5.1/stm32cubeide/plugins/com.st.stm32cube.ide.mcu.externaltools.gnu-tools-for-stm32.10.3-2021.10.win32_1.0.0.202111181127/tools/bin/../lib/gcc/arm-none-eabi/10.3.1/thumb/v7-m/nofp/crti.o
                0x000000000800a58c                _fini
 .fini          0x000000000800a590        0x8 c:/program files (x86)/stm32cubeide_1.5.1/stm32cubeide/plugins/com.st.stm32cube.ide.mcu.externaltools.gnu-tools-for-stm32.10.3-2021.10.win32_1.0.0.202111181127/tools/bin/../lib/gcc/arm-none-eabi/10.3.1/thumb/v7-m/nofp/crtn.o
                0x000000000800a598                . = ALIGN (0x4)
                0x000000000800a598                _etext = .

.vfp11_veneer   0x000000000800a598        0x0
 .vfp11_veneer  0x000000000800a598        0x0 linker stubs

.v4_bx          0x000000000800a598        0x0
 .v4_bx         0x000000000800a598        0x0 linker stubs

.iplt           0x000000000800a598        0x0
 .iplt          0x000000000800a598        0x0 c:/program files (x86)/stm32cubeide_1.5.1/stm32cubeide/plugins/com.st.stm32cube.ide.mcu.externaltools.gnu-tools-for-stm32.10.3-2021.10.win32_1.0.0.202111181127/tools/bin/../lib/gcc/arm-none-eabi/10.3.1/thumb/v7-m/nofp/crtbegin.o

.rodata         0x000000000800a598     0x324c
                0x000000000800a598                . = ALIGN (0x4)
 *(.rodata)
 .rodata        0x000000000800a598       0x38 ./Src/Menu.o
 *(.rodata*)
 .rodata.HAL_RCC_GetSysClockFreq.str1.1
                0x000000000800a5d0       0x11 ./Drivers/STM32F1xx_HAL_Driver/Src/stm32f1xx_hal_rcc.o
 *fill*         0x000000000800a5e1        0x1 
 .rodata.Font15x25
                0x000000000800a5e2     0x2bc0 ./Src/fonts.o
 *fill*         0x000000000800d1a2        0x2 
 .rodata._ZTV4Menu
                0x000000000800d1a4       0x10 ./Src/main.o
                0x000000000800d1a4                vtable for Menu
 .rodata.AHBPrescTable