../Inc/hourglass.h:43:2:Hourglass::Hourglass(float)	16	static
../Inc/hourglass.h:49:2:Hourglass::Hourglass()	16	static
../Inc/hourglass.h:51:7:void Hourglass::set_print_flag(bool)	16	static
../Inc/hourglass.h:67:2:Hourglass::~Hourglass()	16	static
../Inc/Menu.h:82:2:Menu::Menu(float)	5504	static
../Inc/Menu.h:85:10:Menu::~Menu()	16	static
../Inc/Menu.h:85:10:virtual Menu::~Menu()	16	static
../Inc/mpu6050.h:35:6:void mpu6050_read(unsigned char, unsigned char)	32	static
../Inc/mpu6050.h:39:6:void mpu6050_getgyro()	8	static
../Inc/mpu6050.h:46:6:void mpu6050_getgyrodata()	8	static
../Inc/mpu6050.h:54:6:void mpu6050_getaccel()	8	static
../Inc/mpu6050.h:61:6:void mpu6050_getacceldata()	8	static
../Inc/mpu6050.h:68:6:void mpu6050_write(unsigned char, unsigned char)	24	static
../Inc/mpu6050.h:74:5:int mpu6050_getdata(unsigned char)	16	static
../Inc/mpu6050.h:80:6:void mpu6050_init()	8	static
../Src/main.cpp:80:5:int main()	5584	static
../Src/main.cpp:151:6:void SystemClock_Config()	72	static
../Src/main.cpp:191:13:void MX_I2C1_Init()	8	static
../Src/main.cpp:224:13:void MX_SPI1_Init()	8	static
../Src/main.cpp:259:13:void MX_TIM1_Init()	56	static
../Src/main.cpp:306:13:void MX_GPIO_Init()	40	static
../Src/main.cpp:346:6:void Error_Handler()	4	static
